<!doctype html public "-//w3c//dtd html 4.0 transitional//en">
<html><head>
<title>Static Call Graph - [lAB4\lAB4.axf]</title></head>
<body><HR>
<H1>Static Call Graph for image lAB4\lAB4.axf</H1><HR>
<BR><P>#&#060CALLGRAPH&#062# ARM Linker, 5060750: Last Updated: Tue Dec 01 20:33:32 2020
<BR><P>
<H3>Maximum Stack Usage =        352 bytes + Unknown(Functions without stacksize, Cycles, Untraceable Function Pointers)</H3><H3>
Call chain for Maximum Stack Depth:</H3>
main &rArr; GRAPHICS_MainTask &rArr; BSP_TS_GetState &rArr; BSP_TS_Get_GestureId &rArr; ft5336_TS_GetGestureID &rArr; TS_IO_Read &rArr; I2Cx_ReadMultiple &rArr; HAL_I2C_Mem_Read &rArr; I2C_RequestMemoryRead &rArr; I2C_WaitOnTXISFlagUntilTimeout &rArr; I2C_IsAcknowledgeFailed
<P>
<H3>
Functions with no stack information
</H3><UL>
 <LI><a href="#[8c]">BUTTON_Callback</a>
 <LI><a href="#[ca]">BUTTON_CreateIndirect</a>
 <LI><a href="#[e]">BUTTON_DrawSkinFlex</a>
 <LI><a href="#[17a]">BUTTON_SetBitmapEx</a>
 <LI><a href="#[17c]">BUTTON__SetDrawObj</a>
 <LI><a href="#[8d]">EDIT_Callback</a>
 <LI><a href="#[cc]">EDIT_CreateIndirect</a>
 <LI><a href="#[18e]">EDIT_SetFont</a>
 <LI><a href="#[37d]">EDIT_SetText</a>
 <LI><a href="#[190]">EDIT_SetTextAlign</a>
 <LI><a href="#[191]">GL_SetDefault</a>
 <LI><a href="#[350]">GUICC_M1555I_SetCustColorConv</a>
 <LI><a href="#[352]">GUICC_M4444I_SetCustColorConv</a>
 <LI><a href="#[351]">GUICC_M565_SetCustColorConv</a>
 <LI><a href="#[354]">GUICC_M8888I_SetCustColorConv</a>
 <LI><a href="#[353]">GUICC_M888_SetCustColorConv</a>
 <LI><a href="#[12a]">GUIMONO_DispChar</a>
 <LI><a href="#[12b]">GUIMONO_GetCharDistX</a>
 <LI><a href="#[12c]">GUIMONO_GetFontInfo</a>
 <LI><a href="#[12d]">GUIMONO_IsInFont</a>
 <LI><a href="#[11f]">GUIPROP_DispChar</a>
 <LI><a href="#[120]">GUIPROP_GetCharDistX</a>
 <LI><a href="#[121]">GUIPROP_GetFontInfo</a>
 <LI><a href="#[122]">GUIPROP_IsInFont</a>
 <LI><a href="#[199]">GUI_ALLOC_AllocNoInit</a>
 <LI><a href="#[19b]">GUI_ALLOC_AllocZero</a>
 <LI><a href="#[2c5]">GUI_ALLOC_AssignMemory</a>
 <LI><a href="#[19c]">GUI_ALLOC_Free</a>
 <LI><a href="#[1b8]">GUI_ALLOC_FreeFixedBlock</a>
 <LI><a href="#[163]">GUI_ALLOC_FreePtr</a>
 <LI><a href="#[164]">GUI_ALLOC_FreePtrArray</a>
 <LI><a href="#[19e]">GUI_ALLOC_GetFixedBlock</a>
 <LI><a href="#[1a1]">GUI_ALLOC_GetMaxSize</a>
 <LI><a href="#[23e]">GUI_ALLOC_GetSize</a>
 <LI><a href="#[160]">GUI_ALLOC_LockH</a>
 <LI><a href="#[189]">GUI_ALLOC_Realloc</a>
 <LI><a href="#[1a2]">GUI_ALLOC_RequestSize</a>
 <LI><a href="#[161]">GUI_ALLOC_UnlockH</a>
 <LI><a href="#[1b4]">GUI_ALLOC_h2p</a>
 <LI><a href="#[1a3]">GUI_CURSOR_SetPositionEx</a>
 <LI><a href="#[2a2]">GUI_CalcColorDist</a>
 <LI><a href="#[1a7]">GUI_Clear</a>
 <LI><a href="#[1ab]">GUI_ClearRect</a>
 <LI><a href="#[1ac]">GUI_ClearRectEx</a>
 <LI><a href="#[1ad]">GUI_CreateDialogBox</a>
 <LI><a href="#[1b5]">GUI_DEVICE_Create</a>
 <LI><a href="#[1b6]">GUI_DEVICE_CreateAndLink</a>
 <LI><a href="#[1b7]">GUI_DEVICE_Delete</a>
 <LI><a href="#[1e8]">GUI_DEVICE_Link</a>
 <LI><a href="#[24a]">GUI_DEVICE_Unlink</a>
 <LI><a href="#[1ee]">GUI_DEVICE__GetpDriver</a>
 <LI><a href="#[17b]">GUI_DRAW_BITMAP_Create</a>
 <LI><a href="#[174]">GUI_DRAW__Draw</a>
 <LI><a href="#[1b9]">GUI_Delay</a>
 <LI><a href="#[1c3]">GUI_DispStringAt</a>
 <LI><a href="#[172]">GUI_DispStringInRect</a>
 <LI><a href="#[1c7]">GUI_DispStringInRectWrap</a>
 <LI><a href="#[1cb]">GUI_DrawBitmap</a>
 <LI><a href="#[16d]">GUI_DrawGradientV</a>
 <LI><a href="#[177]">GUI_DrawHLine</a>
 <LI><a href="#[16c]">GUI_DrawRect</a>
 <LI><a href="#[178]">GUI_DrawVLine</a>
 <LI><a href="#[1bb]">GUI_Exec</a>
 <LI><a href="#[179]">GUI_FillRect</a>
 <LI><a href="#[216]">GUI_GetBitmapPixelIndex</a>
 <LI><a href="#[208]">GUI_GetBitsPerPixelEx</a>
 <LI><a href="#[198]">GUI_GetBkColor</a>
 <LI><a href="#[237]">GUI_GetCharDistX</a>
 <LI><a href="#[238]">GUI_GetCharDistXEx</a>
 <LI><a href="#[16f]">GUI_GetClientRect</a>
 <LI><a href="#[197]">GUI_GetColor</a>
 <LI><a href="#[1a4]">GUI_GetCursorLayer</a>
 <LI><a href="#[34f]">GUI_GetDrawMode</a>
 <LI><a href="#[1be]">GUI_GetFontDistY</a>
 <LI><a href="#[1d3]">GUI_GetLayerPosEx</a>
 <LI><a href="#[1f4]">GUI_GetOrg</a>
 <LI><a href="#[181]">GUI_GetStringDistX</a>
 <LI><a href="#[1d5]">GUI_GetTime</a>
 <LI><a href="#[22a]">GUI_GetVersionString</a>
 <LI><a href="#[1bf]">GUI_GetYAdjust</a>
 <LI><a href="#[20a]">GUI_GetpfColor2IndexEx</a>
 <LI><a href="#[209]">GUI_GetpfIndex2ColorEx</a>
 <LI><a href="#[1a8]">GUI_GotoXY</a>
 <LI><a href="#[1d6]">GUI_Init</a>
 <LI><a href="#[1e2]">GUI_MEMDEV_Clear</a>
 <LI><a href="#[1e3]">GUI_MEMDEV_CopyToLCD</a>
 <LI><a href="#[1ec]">GUI_MEMDEV_CreateEx</a>
 <LI><a href="#[1ef]">GUI_MEMDEV_Delete</a>
 <LI><a href="#[1f1]">GUI_MEMDEV_Draw</a>
 <LI><a href="#[1fc]">GUI_MEMDEV_GetBitsPerPixel</a>
 <LI><a href="#[1fe]">GUI_MEMDEV_GetDataPtr</a>
 <LI><a href="#[1f5]">GUI_MEMDEV_GetYSize</a>
 <LI><a href="#[9b]">GUI_MEMDEV_Paint1Static</a>
 <LI><a href="#[1f7]">GUI_MEMDEV_ReduceYSize</a>
 <LI><a href="#[1f6]">GUI_MEMDEV_Select</a>
 <LI><a href="#[1f8]">GUI_MEMDEV_SetOrg</a>
 <LI><a href="#[201]">GUI_MEMDEV_Write</a>
 <LI><a href="#[1ed]">GUI_MEMDEV__CreateFixed</a>
 <LI><a href="#[b2]">GUI_MEMDEV__WriteToActiveAlpha</a>
 <LI><a href="#[205]">GUI_MEMDEV__WriteToActiveAt</a>
 <LI><a href="#[b1]">GUI_MEMDEV__WriteToActiveOpaque</a>
 <LI><a href="#[2f7]">GUI_MULTIBUF_ConfirmEx</a>
 <LI><a href="#[294]">GUI_MergeRect</a>
 <LI><a href="#[170]">GUI_MoveRect</a>
 <LI><a href="#[281]">GUI_PID_GetState</a>
 <LI><a href="#[280]">GUI_PID_IsEmpty</a>
 <LI><a href="#[20d]">GUI_PID_StoreState</a>
 <LI><a href="#[210]">GUI_PollKeyMsg</a>
 <LI><a href="#[212]">GUI_ReadRectEx</a>
 <LI><a href="#[25f]">GUI_RectsIntersect</a>
 <LI><a href="#[214]">GUI_RestoreContext</a>
 <LI><a href="#[1a6]">GUI_SPRITE_SetPosition</a>
 <LI><a href="#[219]">GUI_SaveContext_W</a>
 <LI><a href="#[1eb]">GUI_SelectLCD</a>
 <LI><a href="#[1e5]">GUI_SelectLayer</a>
 <LI><a href="#[21b]">GUI_SetBkColor</a>
 <LI><a href="#[16b]">GUI_SetColor</a>
 <LI><a href="#[1cc]">GUI_SetDrawMode</a>
 <LI><a href="#[16e]">GUI_SetFont</a>
 <LI><a href="#[355]">GUI_SetFuncDrawAlpha</a>
 <LI><a href="#[1a5]">GUI_SetLayerPosEx</a>
 <LI><a href="#[1e0]">GUI_SetOrg</a>
 <LI><a href="#[171]">GUI_SetTextMode</a>
 <LI><a href="#[20e]">GUI_SignalEvent</a>
 <LI><a href="#[166]">GUI_StoreKey</a>
 <LI><a href="#[21d]">GUI_TIMER_Delete</a>
 <LI><a href="#[21e]">GUI_TIMER_GetFlag</a>
 <LI><a href="#[21f]">GUI_TIMER_Restart</a>
 <LI><a href="#[221]">GUI_TIMER_SetPeriod</a>
 <LI><a href="#[222]">GUI_TIMER__GetFirstTimer</a>
 <LI><a href="#[223]">GUI_TIMER__GetNextTimerLin</a>
 <LI><a href="#[224]">GUI_TOUCH_StoreStateEx</a>
 <LI><a href="#[188]">GUI_UC_Encode</a>
 <LI><a href="#[186]">GUI_UC_GetCharCode</a>
 <LI><a href="#[18b]">GUI_UC_GetCharSize</a>
 <LI><a href="#[187]">GUI_UC__CalcSizeOfChar</a>
 <LI><a href="#[236]">GUI_UC__GetCharCodeInc</a>
 <LI><a href="#[2a7]">GUI_UC__NumBytes2NumChars</a>
 <LI><a href="#[184]">GUI_UC__NumChars2NumBytes</a>
 <LI><a href="#[2a3]">GUI_USAGE_AddRect</a>
 <LI><a href="#[206]">GUI_USAGE_BM_Create</a>
 <LI><a href="#[1f0]">GUI_USAGE_DecUseCnt</a>
 <LI><a href="#[226]">GUI__AllocAlphaBuffer</a>
 <LI><a href="#[1ff]">GUI__AlphaPreserveTrans</a>
 <LI><a href="#[229]">GUI__CalcTextRect</a>
 <LI><a href="#[20b]">GUI__CompactPixelIndices</a>
 <LI><a href="#[2ad]">GUI__CompactPixelIndicesEx</a>
 <LI><a href="#[1d7]">GUI__Config</a>
 <LI><a href="#[1c2]">GUI__DispLine</a>
 <LI><a href="#[1c6]">GUI__DispStringInRect</a>
 <LI><a href="#[22f]">GUI__DoAlphaBlending</a>
 <LI><a href="#[231]">GUI__DrawBitmap16bpp</a>
 <LI><a href="#[176]">GUI__DrawTwinArc4</a>
 <LI><a href="#[230]">GUI__ExpandPixelIndicesEx</a>
 <LI><a href="#[232]">GUI__GetAlphaBuffer</a>
 <LI><a href="#[2ac]">GUI__GetCursorCharacter</a>
 <LI><a href="#[183]">GUI__GetCursorPosChar</a>
 <LI><a href="#[2ab]">GUI__GetCursorPosX</a>
 <LI><a href="#[1c1]">GUI__GetLineDistX</a>
 <LI><a href="#[1c0]">GUI__GetLineNumChars</a>
 <LI><a href="#[182]">GUI__GetNumChars</a>
 <LI><a href="#[22e]">GUI__HandleEOLine</a>
 <LI><a href="#[275]">GUI__IntersectRect</a>
 <LI><a href="#[1c5]">GUI__IntersectRects</a>
 <LI><a href="#[239]">GUI__InvertRectColors</a>
 <LI><a href="#[23d]">GUI__ManageCache</a>
 <LI><a href="#[b]">GUI__MixColors</a>
 <LI><a href="#[c]">GUI__MixColorsBulk</a>
 <LI><a href="#[259]">GUI__ReduceRect</a>
 <LI><a href="#[20f]">GUI__RegisterExit</a>
 <LI><a href="#[169]">GUI__SetText</a>
 <LI><a href="#[1c9]">GUI__WrapGetNumBytesToNextLine</a>
 <LI><a href="#[1ca]">GUI__WrapGetNumCharsDisp</a>
 <LI><a href="#[23f]">GUI__memset</a>
 <LI><a href="#[2a4]">GUI__memset16</a>
 <LI><a href="#[235]">GUI__sqrt32</a>
 <LI><a href="#[1d]">LCD_AA_MixColors16</a>
 <LI><a href="#[228]">LCD_AA_SetOrMask</a>
 <LI><a href="#[23b]">LCD_Color2Index</a>
 <LI><a href="#[d8]">LCD_Color2Index_8666</a>
 <LI><a href="#[195]">LCD_DrawBitmap</a>
 <LI><a href="#[10c]">LCD_DrawHLine</a>
 <LI><a href="#[10d]">LCD_DrawPixel</a>
 <LI><a href="#[1cd]">LCD_DrawVLine</a>
 <LI><a href="#[196]">LCD_FillRect</a>
 <LI><a href="#[234]">LCD_GetBitsPerPixelEx</a>
 <LI><a href="#[1cf]">LCD_GetBkColorIndex</a>
 <LI><a href="#[1d2]">LCD_GetColorIndex</a>
 <LI><a href="#[240]">LCD_GetMirrorXEx</a>
 <LI><a href="#[241]">LCD_GetMirrorYEx</a>
 <LI><a href="#[233]">LCD_GetNextPixelAPI</a>
 <LI><a href="#[242]">LCD_GetNumColors</a>
 <LI><a href="#[243]">LCD_GetNumColorsEx</a>
 <LI><a href="#[244]">LCD_GetNumLayers</a>
 <LI><a href="#[245]">LCD_GetPalette</a>
 <LI><a href="#[23a]">LCD_GetPixelIndex</a>
 <LI><a href="#[1d4]">LCD_GetPosEx</a>
 <LI><a href="#[246]">LCD_GetSwapXYEx</a>
 <LI><a href="#[1fa]">LCD_GetVXSizeEx</a>
 <LI><a href="#[227]">LCD_GetVXSizeMax</a>
 <LI><a href="#[1fb]">LCD_GetVYSizeEx</a>
 <LI><a href="#[202]">LCD_GetXSize</a>
 <LI><a href="#[1db]">LCD_GetXSizeDisplay</a>
 <LI><a href="#[1f2]">LCD_GetXSizeEx</a>
 <LI><a href="#[1dd]">LCD_GetXSizeMax</a>
 <LI><a href="#[203]">LCD_GetYSize</a>
 <LI><a href="#[1dc]">LCD_GetYSizeDisplay</a>
 <LI><a href="#[1f3]">LCD_GetYSizeEx</a>
 <LI><a href="#[1de]">LCD_GetYSizeMax</a>
 <LI><a href="#[a]">LCD_GetpPalConvTableBM</a>
 <LI><a href="#[1d0]">LCD_Index2Color</a>
 <LI><a href="#[9d]">LCD_Index2Color_565</a>
 <LI><a href="#[d9]">LCD_Index2Color_8666</a>
 <LI><a href="#[f6]">LCD_Index2Color_888</a>
 <LI><a href="#[fb]">LCD_Index2Color_8888</a>
 <LI><a href="#[9e]">LCD_Index2Color_M565</a>
 <LI><a href="#[92]">LCD_Index2Color_M888</a>
 <LI><a href="#[93]">LCD_Index2Color_M8888I</a>
 <LI><a href="#[247]">LCD_InitColors</a>
 <LI><a href="#[248]">LCD_InitLUT</a>
 <LI><a href="#[21a]">LCD_SelectLCD</a>
 <LI><a href="#[192]">LCD_SetBkColor</a>
 <LI><a href="#[251]">LCD_SetBkColorIndex</a>
 <LI><a href="#[24b]">LCD_SetClipRectEx</a>
 <LI><a href="#[1ea]">LCD_SetClipRectMax</a>
 <LI><a href="#[193]">LCD_SetColor</a>
 <LI><a href="#[250]">LCD_SetColorIndex</a>
 <LI><a href="#[24c]">LCD_SetDevFunc</a>
 <LI><a href="#[1df]">LCD_SetDisplaySize</a>
 <LI><a href="#[194]">LCD_SetDrawMode</a>
 <LI><a href="#[249]">LCD_SetLUTEntryEx</a>
 <LI><a href="#[23c]">LCD_SetPixelIndex</a>
 <LI><a href="#[21c]">LCD_SetPosEx</a>
 <LI><a href="#[24d]">LCD_SetSizeEx</a>
 <LI><a href="#[24e]">LCD_SetVRAMAddrEx</a>
 <LI><a href="#[24f]">LCD_SetVSizeEx</a>
 <LI><a href="#[1e9]">LCD_UpdateColorIndices</a>
 <LI><a href="#[20c]">LCD__DrawBitmap_1bpp</a>
 <LI><a href="#[1fd]">LCD__GetBPPDevice</a>
 <LI><a href="#[95]">TEXT_Callback</a>
 <LI><a href="#[cb]">TEXT_CreateIndirect</a>
 <LI><a href="#[253]">TEXT_SetFont</a>
 <LI><a href="#[254]">TEXT_SetText</a>
 <LI><a href="#[255]">TEXT_SetTextAlign</a>
 <LI><a href="#[256]">TEXT_SetTextColor</a>
 <LI><a href="#[165]">WIDGET_AndState</a>
 <LI><a href="#[15d]">WIDGET_HandleActive</a>
 <LI><a href="#[15f]">WIDGET_OrState</a>
 <LI><a href="#[25c]">WIDGET__EFFECT_DrawDown</a>
 <LI><a href="#[25e]">WIDGET__FillStringInRect</a>
 <LI><a href="#[260]">WIDGET__GetInsideRect</a>
 <LI><a href="#[168]">WIDGET__Init</a>
 <LI><a href="#[96]">WINDOW_Callback</a>
 <LI><a href="#[c9]">WINDOW_CreateIndirect</a>
 <LI><a href="#[266]">WINDOW_SetBkColor</a>
 <LI><a href="#[1e6]">WM_Activate</a>
 <LI><a href="#[267]">WM_BringToBottom</a>
 <LI><a href="#[25a]">WM_BringToTop</a>
 <LI><a href="#[167]">WM_CreateWindowAsChild</a>
 <LI><a href="#[1e7]">WM_Deactivate</a>
 <LI><a href="#[15e]">WM_DefaultProc</a>
 <LI><a href="#[18d]">WM_DeleteWindow</a>
 <LI><a href="#[1ce]">WM_Exec</a>
 <LI><a href="#[26c]">WM_ForEachDesc</a>
 <LI><a href="#[27e]">WM_GetActiveWindow</a>
 <LI><a href="#[1d1]">WM_GetClientRect</a>
 <LI><a href="#[1ae]">WM_GetClientWindow</a>
 <LI><a href="#[1b0]">WM_GetDesktopWindow</a>
 <LI><a href="#[296]">WM_GetDesktopWindowEx</a>
 <LI><a href="#[279]">WM_GetDialogItem</a>
 <LI><a href="#[27b]">WM_GetFirstChild</a>
 <LI><a href="#[1b2]">WM_GetFocusedWindow</a>
 <LI><a href="#[252]">WM_GetHasTrans</a>
 <LI><a href="#[27c]">WM_GetId</a>
 <LI><a href="#[27d]">WM_GetParent</a>
 <LI><a href="#[200]">WM_GetWindowOrgX</a>
 <LI><a href="#[180]">WM_GetWindowSizeX</a>
 <LI><a href="#[27f]">WM_GetWindowSizeY</a>
 <LI><a href="#[8e]">WM_HandlePID</a>
 <LI><a href="#[263]">WM_HasFocus</a>
 <LI><a href="#[1e1]">WM_Init</a>
 <LI><a href="#[16a]">WM_InvalidateWindow</a>
 <LI><a href="#[28c]">WM_InvalidateWindowAndDescsEx</a>
 <LI><a href="#[28d]">WM_IsFocusable</a>
 <LI><a href="#[262]">WM_IsWindow</a>
 <LI><a href="#[28f]">WM_MoveWindow</a>
 <LI><a href="#[162]">WM_NotifyParent</a>
 <LI><a href="#[211]">WM_OnKey</a>
 <LI><a href="#[284]">WM_PID__SetPrevState</a>
 <LI><a href="#[288]">WM_ReleaseCapture</a>
 <LI><a href="#[292]">WM_ResizeWindow</a>
 <LI><a href="#[17f]">WM_RestartTimer</a>
 <LI><a href="#[286]">WM_Screen2hWin</a>
 <LI><a href="#[17e]">WM_SelectWindow</a>
 <LI><a href="#[278]">WM_SendMessage</a>
 <LI><a href="#[1b1]">WM_SendMessageNoPara</a>
 <LI><a href="#[270]">WM_SendToParent</a>
 <LI><a href="#[25b]">WM_SetFocus</a>
 <LI><a href="#[1b3]">WM_SetFocusOnNextChild</a>
 <LI><a href="#[261]">WM_SetFocusOnPrevChild</a>
 <LI><a href="#[175]">WM_SetHasTrans</a>
 <LI><a href="#[204]">WM_SetSize</a>
 <LI><a href="#[1c4]">WM_SetUserClipRect</a>
 <LI><a href="#[1af]">WM_ShowWindow</a>
 <LI><a href="#[29b]">WM_ValidateWindow</a>
 <LI><a href="#[29c]">WM__ActivateClipRect</a>
 <LI><a href="#[282]">WM__AddCriticalHandle</a>
 <LI><a href="#[272]">WM__DeleteAssocTimer</a>
 <LI><a href="#[277]">WM__ForEachDesc</a>
 <LI><a href="#[26f]">WM__GetClientRectEx</a>
 <LI><a href="#[258]">WM__GetClientRectWin</a>
 <LI><a href="#[298]">WM__GetFocusedChild</a>
 <LI><a href="#[29a]">WM__GetLastSibling</a>
 <LI><a href="#[1aa]">WM__GetNextIVR</a>
 <LI><a href="#[268]">WM__GetPrevSibling</a>
 <LI><a href="#[299]">WM__GetTopLevelLayer</a>
 <LI><a href="#[1a9]">WM__InitIVRSearch</a>
 <LI><a href="#[26b]">WM__InsertWindowIntoList</a>
 <LI><a href="#[28a]">WM__InvalidateDrawAndDescs</a>
 <LI><a href="#[291]">WM__InvalidateParent</a>
 <LI><a href="#[273]">WM__InvalidateRect</a>
 <LI><a href="#[269]">WM__InvalidateRectEx</a>
 <LI><a href="#[265]">WM__IsAncestor</a>
 <LI><a href="#[264]">WM__IsAncestorOrSelf</a>
 <LI><a href="#[173]">WM__IsEnabled</a>
 <LI><a href="#[28e]">WM__IsWindow</a>
 <LI><a href="#[9c]">WM__Paint1</a>
 <LI><a href="#[285]">WM__RemoveCriticalHandle</a>
 <LI><a href="#[26a]">WM__RemoveWindowFromList</a>
 <LI><a href="#[25d]">WM__Screen2Client</a>
 <LI><a href="#[26d]">WM__SendMessage</a>
 <LI><a href="#[287]">WM__SendMessageIfEnabled</a>
 <LI><a href="#[1f9]">WM__SendMessageNoPara</a>
 <LI><a href="#[295]">WM__SendMsgNoData</a>
 <LI><a href="#[283]">WM__SendTouchMessage</a>
 <LI><a href="#[257]">WM__UpdateChildPositions</a>
 <LI><a href="#[1da]">emWin_LCD_Init</a>
 <LI><a href="#[cd]">_Color2Index_1616I</a>
 <LI><a href="#[ce]">_Index2Color_1616I</a>
 <LI><a href="#[cf]">_GetIndexMask_1616I</a>
 <LI><a href="#[d0]">_Color2IndexBulk_1616I</a>
 <LI><a href="#[d1]">_Index2ColorBulk_1616I</a>
 <LI><a href="#[d2]">_Color2Index_822216</a>
 <LI><a href="#[d3]">_Index2Color_822216</a>
 <LI><a href="#[d4]">_GetIndexMask_822216</a>
 <LI><a href="#[d5]">_Color2Index_84444</a>
 <LI><a href="#[d7]">_GetIndexMask_84444</a>
 <LI><a href="#[d6]">_Index2Color_84444</a>
 <LI><a href="#[da]">_GetIndexMask_8666</a>
 <LI><a href="#[dd]">_GetIndexMask_8666_1</a>
 <LI><a href="#[db]">_Color2Index_8666_1</a>
 <LI><a href="#[dc]">_Index2Color_8666_1</a>
 <LI><a href="#[de]">_Color2Index_88666I</a>
 <LI><a href="#[df]">_Index2Color_88666I</a>
 <LI><a href="#[e0]">_GetIndexMask_88666I</a>
 <LI><a href="#[e1]">_Color2IndexBulk_88666I</a>
 <LI><a href="#[e2]">_Index2ColorBulk_88666I</a>
 <LI><a href="#[e3]">_Color2Index_M1555I</a>
 <LI><a href="#[e4]">_Index2Color_M1555I</a>
 <LI><a href="#[e5]">_GetIndexMask_M1555I</a>
 <LI><a href="#[e6]">_Color2IndexBulk_M1555I</a>
 <LI><a href="#[e7]">_Index2ColorBulk_M1555I</a>
 <LI><a href="#[e8]">_Color2Index_M4444I</a>
 <LI><a href="#[e9]">_Index2Color_M4444I</a>
 <LI><a href="#[ea]">_GetIndexMask_M4444I</a>
 <LI><a href="#[eb]">_Color2IndexBulk_M4444I</a>
 <LI><a href="#[ec]">_Index2ColorBulk_M4444I</a>
 <LI><a href="#[ed]">_Color2Index_M8888I</a>
 <LI><a href="#[ee]">_GetIndexMask_M8888I</a>
 <LI><a href="#[ef]">_Color2IndexBulk_M8888I</a>
 <LI><a href="#[f0]">_Index2ColorBulk_M8888I</a>
 <LI><a href="#[f1]">_Color2Index_565</a>
 <LI><a href="#[f2]">_GetIndexMask_565</a>
 <LI><a href="#[f3]">_Color2IndexBulk</a>
 <LI><a href="#[f4]">_Index2ColorBulk</a>
 <LI><a href="#[f5]">_Color2Index_888</a>
 <LI><a href="#[f7]">_GetIndexMask_888</a>
 <LI><a href="#[f8]">_Color2IndexBulk</a>
 <LI><a href="#[f9]">_Index2ColorBulk</a>
 <LI><a href="#[fa]">_Color2Index_8888</a>
 <LI><a href="#[fc]">_GetIndexMask_8888</a>
 <LI><a href="#[fd]">_Color2IndexBulk</a>
 <LI><a href="#[fe]">_Index2ColorBulk</a>
 <LI><a href="#[ff]">_Color2Index_M565</a>
 <LI><a href="#[100]">_GetIndexMask_M565</a>
 <LI><a href="#[101]">_Color2IndexBulk</a>
 <LI><a href="#[102]">_Index2ColorBulk</a>
 <LI><a href="#[103]">_Color2Index_M888</a>
 <LI><a href="#[104]">_GetIndexMask_M888</a>
 <LI><a href="#[105]">_Color2IndexBulk</a>
 <LI><a href="#[106]">_Index2ColorBulk</a>
 <LI><a href="#[107]">_Color2Index_M8888</a>
 <LI><a href="#[109]">_GetIndexMask_M8888</a>
 <LI><a href="#[10a]">_Color2IndexBulk</a>
 <LI><a href="#[10b]">_Index2ColorBulk</a>
 <LI><a href="#[108]">_Index2Color_M8888</a>
 <LI><a href="#[19d]">_AddFreeMemory</a>
 <LI><a href="#[1a0]">_RemoveHoles</a>
 <LI><a href="#[19a]">_Alloc</a>
 <LI><a href="#[19f]">_EnlargeBlocks</a>
 <LI><a href="#[1d9]">_InitContext</a>
 <LI><a href="#[91]">_OnExit</a>
 <LI><a href="#[10f]">_DrawBitmap</a>
 <LI><a href="#[10e]">_DrawBitmapSwapRB</a>
 <LI><a href="#[90]">_OnExit</a>
 <LI><a href="#[111]">_SetBkColor</a>
 <LI><a href="#[110]">_SetColor</a>
 <LI><a href="#[112]">_SetDrawMode</a>
 <LI><a href="#[11e]">_GetRect</a>
 <LI><a href="#[118]">_SetPixelIndex</a>
 <LI><a href="#[117]">_GetPixelIndex</a>
 <LI><a href="#[119]">_XorPixel</a>
 <LI><a href="#[11c]">_GetDevProp</a>
 <LI><a href="#[11d]">_GetDevData</a>
 <LI><a href="#[a4]">_ReadRect</a>
 <LI><a href="#[11b]">_GetDevFunc</a>
 <LI><a href="#[9f]">_SetVRAMAddr</a>
 <LI><a href="#[a0]">_SetVis</a>
 <LI><a href="#[a1]">_GetPos</a>
 <LI><a href="#[a2]">_SetPos</a>
 <LI><a href="#[a3]">_SetAlpha</a>
 <LI><a href="#[a5]">_SetVRAM_BufferPTR</a>
 <LI><a href="#[a6]">_ShowBuffer</a>
 <LI><a href="#[a7]">_CopyBuffer</a>
 <LI><a href="#[a8]">_SetDevFunc</a>
 <LI><a href="#[a9]">_SetChroma</a>
 <LI><a href="#[aa]">_SetChromaMode</a>
 <LI><a href="#[ab]">_SetAlphaMode</a>
 <LI><a href="#[ac]">_Off</a>
 <LI><a href="#[ad]">_On</a>
 <LI><a href="#[ae]">_Init</a>
 <LI><a href="#[af]">_SetSize</a>
 <LI><a href="#[b0]">_SetVSize</a>
 <LI><a href="#[11a]">_SetOrg</a>
 <LI><a href="#[116]">_FillRect</a>
 <LI><a href="#[114]">_DrawHLine</a>
 <LI><a href="#[115]">_DrawVLine</a>
 <LI><a href="#[113]">_DrawBitmap</a>
 <LI><a href="#[9a]">_OnExit</a>
 <LI><a href="#[2a6]">_Findy1</a>
 <LI><a href="#[2a5]">_Findx0</a>
 <LI><a href="#[29e]">_Findx1</a>
 <LI><a href="#[2a1]">_Paint1Trans</a>
 <LI><a href="#[2a0]">_PaintTransChildren</a>
 <LI><a href="#[29d]">_Findx0.constprop.10</a>
 <LI><a href="#[29f]">_Findy1.constprop.11</a>
 <LI><a href="#[276]">WM__PaintWinAndOverlays</a>
 <LI><a href="#[98]">_cbPaintMemDev</a>
 <LI><a href="#[289]">_Invalidate1Abs</a>
 <LI><a href="#[26e]">WM_InvalidateRect.part.2</a>
 <LI><a href="#[99]">_cbBackWin</a>
 <LI><a href="#[271]">WM_DeleteWindow.part.3</a>
 <LI><a href="#[274]">_Exec1Input</a>
 <LI><a href="#[293]">WM_ResizeWindow.part.11</a>
 <LI><a href="#[28b]">WM_InvalidateWindowAndDescs.part.14</a>
 <LI><a href="#[2a9]">_GetDialogItem.part.5</a>
 <LI><a href="#[2a8]">_GetDialogItem</a>
 <LI><a href="#[27a]">__GetDialogItem</a>
 <LI><a href="#[d]">_OnTouchDefault</a>
 <LI><a href="#[17d]">_Paint</a>
 <LI><a href="#[18f]">EDIT_SetText.part.5</a>
 <LI><a href="#[123]">_Color2Index_16</a>
 <LI><a href="#[124]">_Index2Color_16</a>
 <LI><a href="#[125]">_GetIndexMask_16</a>
 <LI><a href="#[f]">_Log2VisBuffered</a>
 <LI><a href="#[22d]">_DispLine</a>
 <LI><a href="#[1bd]">GUI_DispString.part.0</a>
 <LI><a href="#[1c8]">GUI_DispStringInRectWrap.part.1</a>
 <LI><a href="#[8f]">_OnExit</a>
 <LI><a href="#[126]">_GetCharCode</a>
 <LI><a href="#[127]">_GetCharSize</a>
 <LI><a href="#[128]">_CalcSizeOfChar</a>
 <LI><a href="#[129]">_Encode</a>
 <LI><a href="#[10]">_GetCursorPosX</a>
 <LI><a href="#[12]">_GetCursorCharacter</a>
 <LI><a href="#[11]">_GetCursorPosChar</a>
 <LI><a href="#[94]">_OnExit</a>
 <LI><a href="#[213]">LCD_ReadRectEx</a>
 <LI><a href="#[1e4]">GUI_MEMDEV_CopyToLCDAt.part.0</a>
 <LI><a href="#[138]">_GetDevData</a>
 <LI><a href="#[136]">_GetDevFunc</a>
 <LI><a href="#[135]">_SetOrg</a>
 <LI><a href="#[139]">_GetRect</a>
 <LI><a href="#[12e]">_DrawBitmap</a>
 <LI><a href="#[137]">_GetDevProp</a>
 <LI><a href="#[132]">_GetPixelIndex</a>
 <LI><a href="#[133]">_SetPixelIndex</a>
 <LI><a href="#[134]">_XorPixel</a>
 <LI><a href="#[131]">_FillRect</a>
 <LI><a href="#[12f]">_DrawHLine</a>
 <LI><a href="#[130]">_DrawVLine</a>
 <LI><a href="#[290]">_MoveDescendents</a>
 <LI><a href="#[16]">_Create</a>
 <LI><a href="#[15]">_Paint</a>
 <LI><a href="#[13c]">_GetYSize</a>
 <LI><a href="#[13b]">_GetXSize</a>
 <LI><a href="#[13a]">_DrawBitmap</a>
 <LI><a href="#[13f]">_GetIndexMask_0</a>
 <LI><a href="#[13e]">_Index2Color_0</a>
 <LI><a href="#[13d]">_Color2Index_0</a>
 <LI><a href="#[220]">_Link</a>
 <LI><a href="#[17]">_GetWordWrap</a>
 <LI><a href="#[18]">_GetCharWrap</a>
 <LI><a href="#[1a]">_NextPixel_SetPixel</a>
 <LI><a href="#[19]">_NextPixel_Start</a>
 <LI><a href="#[1b]">_NextPixel_NextLine</a>
 <LI><a href="#[1c]">_NextPixel_End</a>
 <LI><a href="#[14a]">_GetDevData</a>
 <LI><a href="#[148]">_GetDevFunc</a>
 <LI><a href="#[149]">_GetDevProp</a>
 <LI><a href="#[147]">_SetOrg</a>
 <LI><a href="#[14b]">_GetRect</a>
 <LI><a href="#[140]">_DrawBitmap</a>
 <LI><a href="#[144]">_GetPixelIndex</a>
 <LI><a href="#[145]">_SetPixelIndex</a>
 <LI><a href="#[146]">_XorPixel</a>
 <LI><a href="#[143]">_FillRect</a>
 <LI><a href="#[141]">_DrawHLine</a>
 <LI><a href="#[142]">_DrawVLine</a>
 <LI><a href="#[14c]">GUI_USAGE_BM_AddPixel</a>
 <LI><a href="#[150]">GUI_USAGE_BM_GetNextDirty</a>
 <LI><a href="#[14f]">_GUI_USAGE_BM_Delete</a>
 <LI><a href="#[14e]">GUI_USAGE_BM_Clear</a>
 <LI><a href="#[14d]">GUI_USAGE_BM_AddHLine</a>
 <LI><a href="#[97]">_cbInvalidateOne</a>
 <LI><a href="#[297]">_Screen2hWin</a>
 <LI><a href="#[154]">_DrawDownRect</a>
 <LI><a href="#[151]">_DrawUp</a>
 <LI><a href="#[152]">_DrawUpRect</a>
 <LI><a href="#[153]">_DrawDown</a>
 <LI><a href="#[215]">_CreateBuffer.isra.4</a>
 <LI><a href="#[217]">_SetBkIndexBuffered</a>
 <LI><a href="#[218]">_ReleaseBuffer.isra.7</a>
 <LI><a href="#[207]">_WriteToActiveAlpha</a>
</UL>
</UL>
<P>
<H3>
Mutually Recursive functions
</H3> <LI><a href="#[3a]">ADC_IRQHandler</a>&nbsp;&nbsp;&nbsp;&rArr;&nbsp;&nbsp;&nbsp;<a href="#[3a]">ADC_IRQHandler</a><BR>
 <LI><a href="#[26d]">WM__SendMessage</a>&nbsp;&nbsp;&nbsp;&rArr;&nbsp;&nbsp;&nbsp;<a href="#[15e]">WM_DefaultProc</a><BR>
 <LI><a href="#[273]">WM__InvalidateRect</a>&nbsp;&nbsp;&nbsp;&rArr;&nbsp;&nbsp;&nbsp;<a href="#[273]">WM__InvalidateRect</a><BR>
 <LI><a href="#[28c]">WM_InvalidateWindowAndDescsEx</a>&nbsp;&nbsp;&nbsp;&rArr;&nbsp;&nbsp;&nbsp;<a href="#[28c]">WM_InvalidateWindowAndDescsEx</a><BR>
 <LI><a href="#[28a]">WM__InvalidateDrawAndDescs</a>&nbsp;&nbsp;&nbsp;&rArr;&nbsp;&nbsp;&nbsp;<a href="#[28a]">WM__InvalidateDrawAndDescs</a><BR>
 <LI><a href="#[277]">WM__ForEachDesc</a>&nbsp;&nbsp;&nbsp;&rArr;&nbsp;&nbsp;&nbsp;<a href="#[277]">WM__ForEachDesc</a><BR>
 <LI><a href="#[293]">WM_ResizeWindow.part.11</a>&nbsp;&nbsp;&nbsp;&rArr;&nbsp;&nbsp;&nbsp;<a href="#[257]">WM__UpdateChildPositions</a><BR>
 <LI><a href="#[290]">_MoveDescendents</a>&nbsp;&nbsp;&nbsp;&rArr;&nbsp;&nbsp;&nbsp;<a href="#[290]">_MoveDescendents</a><BR>
 <LI><a href="#[19f]">_EnlargeBlocks</a>&nbsp;&nbsp;&nbsp;&rArr;&nbsp;&nbsp;&nbsp;<a href="#[19a]">_Alloc</a><BR>
 <LI><a href="#[2a6]">_Findy1</a>&nbsp;&nbsp;&nbsp;&rArr;&nbsp;&nbsp;&nbsp;<a href="#[2a6]">_Findy1</a><BR>
 <LI><a href="#[2a5]">_Findx0</a>&nbsp;&nbsp;&nbsp;&rArr;&nbsp;&nbsp;&nbsp;<a href="#[2a5]">_Findx0</a><BR>
 <LI><a href="#[29e]">_Findx1</a>&nbsp;&nbsp;&nbsp;&rArr;&nbsp;&nbsp;&nbsp;<a href="#[29e]">_Findx1</a><BR>
 <LI><a href="#[271]">WM_DeleteWindow.part.3</a>&nbsp;&nbsp;&nbsp;&rArr;&nbsp;&nbsp;&nbsp;<a href="#[271]">WM_DeleteWindow.part.3</a><BR>
 <LI><a href="#[297]">_Screen2hWin</a>&nbsp;&nbsp;&nbsp;&rArr;&nbsp;&nbsp;&nbsp;<a href="#[297]">_Screen2hWin</a><BR>
 <LI><a href="#[22]">BusFault_Handler</a>&nbsp;&nbsp;&nbsp;&rArr;&nbsp;&nbsp;&nbsp;<a href="#[22]">BusFault_Handler</a><BR>
 <LI><a href="#[20]">HardFault_Handler</a>&nbsp;&nbsp;&nbsp;&rArr;&nbsp;&nbsp;&nbsp;<a href="#[20]">HardFault_Handler</a><BR>
 <LI><a href="#[21]">MemManage_Handler</a>&nbsp;&nbsp;&nbsp;&rArr;&nbsp;&nbsp;&nbsp;<a href="#[21]">MemManage_Handler</a><BR>
 <LI><a href="#[23]">UsageFault_Handler</a>&nbsp;&nbsp;&nbsp;&rArr;&nbsp;&nbsp;&nbsp;<a href="#[23]">UsageFault_Handler</a><BR>
 <LI><a href="#[2a0]">_PaintTransChildren</a>&nbsp;&nbsp;&nbsp;&rArr;&nbsp;&nbsp;&nbsp;<a href="#[2a0]">_PaintTransChildren</a><BR>
 <LI><a href="#[28b]">WM_InvalidateWindowAndDescs.part.14</a>&nbsp;&nbsp;&nbsp;&rArr;&nbsp;&nbsp;&nbsp;<a href="#[28b]">WM_InvalidateWindowAndDescs.part.14</a><BR>
 <LI><a href="#[2a9]">_GetDialogItem.part.5</a>&nbsp;&nbsp;&nbsp;&rArr;&nbsp;&nbsp;&nbsp;<a href="#[2a9]">_GetDialogItem.part.5</a><BR>
</UL>
<P>
<H3>
Function Pointers
</H3><UL>
 <LI><a href="#[3a]">ADC_IRQHandler</a> from startup_stm32f746xx.o(.text) referenced from startup_stm32f746xx.o(RESET)
 <LI><a href="#[8c]">BUTTON_Callback</a> from BUTTON.o(.text.BUTTON_Callback) referenced from BUTTON.o(.text.BUTTON_CreateIndirect)
 <LI><a href="#[ca]">BUTTON_CreateIndirect</a> from BUTTON.o(.text.BUTTON_CreateIndirect) referenced 133 times from windowdlg.o(.constdata)
 <LI><a href="#[e]">BUTTON_DrawSkinFlex</a> from BUTTON_SkinFlex.o(.text.BUTTON_DrawSkinFlex) referenced 2 times from BUTTON.o(.data)
 <LI><a href="#[22]">BusFault_Handler</a> from stm32f7xx_it.o(i.BusFault_Handler) referenced from startup_stm32f746xx.o(RESET)
 <LI><a href="#[3c]">CAN1_RX0_IRQHandler</a> from startup_stm32f746xx.o(.text) referenced from startup_stm32f746xx.o(RESET)
 <LI><a href="#[3d]">CAN1_RX1_IRQHandler</a> from startup_stm32f746xx.o(.text) referenced from startup_stm32f746xx.o(RESET)
 <LI><a href="#[3e]">CAN1_SCE_IRQHandler</a> from startup_stm32f746xx.o(.text) referenced from startup_stm32f746xx.o(RESET)
 <LI><a href="#[3b]">CAN1_TX_IRQHandler</a> from startup_stm32f746xx.o(.text) referenced from startup_stm32f746xx.o(RESET)
 <LI><a href="#[68]">CAN2_RX0_IRQHandler</a> from startup_stm32f746xx.o(.text) referenced from startup_stm32f746xx.o(RESET)
 <LI><a href="#[69]">CAN2_RX1_IRQHandler</a> from startup_stm32f746xx.o(.text) referenced from startup_stm32f746xx.o(RESET)
 <LI><a href="#[6a]">CAN2_SCE_IRQHandler</a> from startup_stm32f746xx.o(.text) referenced from startup_stm32f746xx.o(RESET)
 <LI><a href="#[67]">CAN2_TX_IRQHandler</a> from startup_stm32f746xx.o(.text) referenced from startup_stm32f746xx.o(RESET)
 <LI><a href="#[85]">CEC_IRQHandler</a> from startup_stm32f746xx.o(.text) referenced from startup_stm32f746xx.o(RESET)
 <LI><a href="#[76]">DCMI_IRQHandler</a> from startup_stm32f746xx.o(.text) referenced from startup_stm32f746xx.o(RESET)
 <LI><a href="#[33]">DMA1_Stream0_IRQHandler</a> from startup_stm32f746xx.o(.text) referenced from startup_stm32f746xx.o(RESET)
 <LI><a href="#[34]">DMA1_Stream1_IRQHandler</a> from startup_stm32f746xx.o(.text) referenced from startup_stm32f746xx.o(RESET)
 <LI><a href="#[35]">DMA1_Stream2_IRQHandler</a> from startup_stm32f746xx.o(.text) referenced from startup_stm32f746xx.o(RESET)
 <LI><a href="#[36]">DMA1_Stream3_IRQHandler</a> from startup_stm32f746xx.o(.text) referenced from startup_stm32f746xx.o(RESET)
 <LI><a href="#[37]">DMA1_Stream4_IRQHandler</a> from startup_stm32f746xx.o(.text) referenced from startup_stm32f746xx.o(RESET)
 <LI><a href="#[38]">DMA1_Stream5_IRQHandler</a> from startup_stm32f746xx.o(.text) referenced from startup_stm32f746xx.o(RESET)
 <LI><a href="#[39]">DMA1_Stream6_IRQHandler</a> from startup_stm32f746xx.o(.text) referenced from startup_stm32f746xx.o(RESET)
 <LI><a href="#[57]">DMA1_Stream7_IRQHandler</a> from startup_stm32f746xx.o(.text) referenced from startup_stm32f746xx.o(RESET)
 <LI><a href="#[81]">DMA2D_IRQHandler</a> from stm32f7xx_it.o(i.DMA2D_IRQHandler) referenced from startup_stm32f746xx.o(RESET)
 <LI><a href="#[60]">DMA2_Stream0_IRQHandler</a> from startup_stm32f746xx.o(.text) referenced from startup_stm32f746xx.o(RESET)
 <LI><a href="#[61]">DMA2_Stream1_IRQHandler</a> from startup_stm32f746xx.o(.text) referenced from startup_stm32f746xx.o(RESET)
 <LI><a href="#[62]">DMA2_Stream2_IRQHandler</a> from startup_stm32f746xx.o(.text) referenced from startup_stm32f746xx.o(RESET)
 <LI><a href="#[63]">DMA2_Stream3_IRQHandler</a> from startup_stm32f746xx.o(.text) referenced from startup_stm32f746xx.o(RESET)
 <LI><a href="#[64]">DMA2_Stream4_IRQHandler</a> from startup_stm32f746xx.o(.text) referenced from startup_stm32f746xx.o(RESET)
 <LI><a href="#[6c]">DMA2_Stream5_IRQHandler</a> from startup_stm32f746xx.o(.text) referenced from startup_stm32f746xx.o(RESET)
 <LI><a href="#[6d]">DMA2_Stream6_IRQHandler</a> from startup_stm32f746xx.o(.text) referenced from startup_stm32f746xx.o(RESET)
 <LI><a href="#[6e]">DMA2_Stream7_IRQHandler</a> from startup_stm32f746xx.o(.text) referenced from startup_stm32f746xx.o(RESET)
 <LI><a href="#[25]">DebugMon_Handler</a> from stm32f7xx_it.o(i.DebugMon_Handler) referenced from startup_stm32f746xx.o(RESET)
 <LI><a href="#[8d]">EDIT_Callback</a> from EDIT.o(.text.EDIT_Callback) referenced from EDIT.o(.text.EDIT_CreateIndirect)
 <LI><a href="#[cc]">EDIT_CreateIndirect</a> from EDIT.o(.text.EDIT_CreateIndirect) referenced 3 times from windowdlg.o(.constdata)
 <LI><a href="#[65]">ETH_IRQHandler</a> from startup_stm32f746xx.o(.text) referenced from startup_stm32f746xx.o(RESET)
 <LI><a href="#[66]">ETH_WKUP_IRQHandler</a> from startup_stm32f746xx.o(.text) referenced from startup_stm32f746xx.o(RESET)
 <LI><a href="#[2e]">EXTI0_IRQHandler</a> from startup_stm32f746xx.o(.text) referenced from startup_stm32f746xx.o(RESET)
 <LI><a href="#[50]">EXTI15_10_IRQHandler</a> from startup_stm32f746xx.o(.text) referenced from startup_stm32f746xx.o(RESET)
 <LI><a href="#[2f]">EXTI1_IRQHandler</a> from startup_stm32f746xx.o(.text) referenced from startup_stm32f746xx.o(RESET)
 <LI><a href="#[30]">EXTI2_IRQHandler</a> from startup_stm32f746xx.o(.text) referenced from startup_stm32f746xx.o(RESET)
 <LI><a href="#[31]">EXTI3_IRQHandler</a> from startup_stm32f746xx.o(.text) referenced from startup_stm32f746xx.o(RESET)
 <LI><a href="#[32]">EXTI4_IRQHandler</a> from startup_stm32f746xx.o(.text) referenced from startup_stm32f746xx.o(RESET)
 <LI><a href="#[3f]">EXTI9_5_IRQHandler</a> from startup_stm32f746xx.o(.text) referenced from startup_stm32f746xx.o(RESET)
 <LI><a href="#[2c]">FLASH_IRQHandler</a> from startup_stm32f746xx.o(.text) referenced from startup_stm32f746xx.o(RESET)
 <LI><a href="#[58]">FMC_IRQHandler</a> from startup_stm32f746xx.o(.text) referenced from startup_stm32f746xx.o(RESET)
 <LI><a href="#[78]">FPU_IRQHandler</a> from startup_stm32f746xx.o(.text) referenced from startup_stm32f746xx.o(RESET)
 <LI><a href="#[12a]">GUIMONO_DispChar</a> from GUI_CharM.o(.text.GUIMONO_DispChar) referenced 2 times from F6x8.o(.rodata)
 <LI><a href="#[12b]">GUIMONO_GetCharDistX</a> from GUI_CharM.o(.text.GUIMONO_GetCharDistX) referenced 2 times from F6x8.o(.rodata)
 <LI><a href="#[12c]">GUIMONO_GetFontInfo</a> from GUI_CharM.o(.text.GUIMONO_GetFontInfo) referenced 2 times from F6x8.o(.rodata)
 <LI><a href="#[12d]">GUIMONO_IsInFont</a> from GUI_CharM.o(.text.GUIMONO_IsInFont) referenced 2 times from F6x8.o(.rodata)
 <LI><a href="#[11f]">GUIPROP_DispChar</a> from GUI_CharP.o(.text.GUIPROP_DispChar) referenced 6 times from F24_1.o(.rodata)
 <LI><a href="#[120]">GUIPROP_GetCharDistX</a> from GUI_CharP.o(.text.GUIPROP_GetCharDistX) referenced 6 times from F24_1.o(.rodata)
 <LI><a href="#[121]">GUIPROP_GetFontInfo</a> from GUI_CharP.o(.text.GUIPROP_GetFontInfo) referenced 6 times from F24_1.o(.rodata)
 <LI><a href="#[122]">GUIPROP_IsInFont</a> from GUI_CharP.o(.text.GUIPROP_IsInFont) referenced 6 times from F24_1.o(.rodata)
 <LI><a href="#[9b]">GUI_MEMDEV_Paint1Static</a> from GUIDEV_StaticDevices.o(.text.GUI_MEMDEV_Paint1Static) referenced from WM.o(.text.WM__PaintWinAndOverlays)
 <LI><a href="#[9b]">GUI_MEMDEV_Paint1Static</a> from GUIDEV_StaticDevices.o(.text.GUI_MEMDEV_Paint1Static) referenced from WM.o(.text._Paint1Trans)
 <LI><a href="#[b2]">GUI_MEMDEV__WriteToActiveAlpha</a> from GUIDEV_WriteToActiveAlpha.o(.text.GUI_MEMDEV__WriteToActiveAlpha) referenced from GUIDEV_32.o(.text._GetDevFunc)
 <LI><a href="#[b1]">GUI_MEMDEV__WriteToActiveOpaque</a> from GUIDEV_WriteToActiveOpaque.o(.text.GUI_MEMDEV__WriteToActiveOpaque) referenced from GUIDEV_16.o(.text._GetDevFunc)
 <LI><a href="#[14d]">GUI_USAGE_BM_AddHLine</a> from GUIDEV_UsageBM.o(.text.GUI_USAGE_BM_AddHLine) referenced from GUIDEV_UsageBM.o(.rodata)
 <LI><a href="#[14c]">GUI_USAGE_BM_AddPixel</a> from GUIDEV_UsageBM.o(.text.GUI_USAGE_BM_AddPixel) referenced from GUIDEV_UsageBM.o(.rodata)
 <LI><a href="#[14e]">GUI_USAGE_BM_Clear</a> from GUIDEV_UsageBM.o(.text.GUI_USAGE_BM_Clear) referenced from GUIDEV_UsageBM.o(.rodata)
 <LI><a href="#[150]">GUI_USAGE_BM_GetNextDirty</a> from GUIDEV_UsageBM.o(.text.GUI_USAGE_BM_GetNextDirty) referenced from GUIDEV_UsageBM.o(.rodata)
 <LI><a href="#[b]">GUI__MixColors</a> from GUI__Alpha.o(.text.GUI__MixColors) referenced 2 times from GUI__Alpha.o(.data)
 <LI><a href="#[c]">GUI__MixColorsBulk</a> from GUI__Alpha.o(.text.GUI__MixColorsBulk) referenced 2 times from GUI__Alpha.o(.data)
 <LI><a href="#[20]">HardFault_Handler</a> from stm32f7xx_it.o(i.HardFault_Handler) referenced from startup_stm32f746xx.o(RESET)
 <LI><a href="#[48]">I2C1_ER_IRQHandler</a> from startup_stm32f746xx.o(.text) referenced from startup_stm32f746xx.o(RESET)
 <LI><a href="#[47]">I2C1_EV_IRQHandler</a> from startup_stm32f746xx.o(.text) referenced from startup_stm32f746xx.o(RESET)
 <LI><a href="#[4a]">I2C2_ER_IRQHandler</a> from startup_stm32f746xx.o(.text) referenced from startup_stm32f746xx.o(RESET)
 <LI><a href="#[49]">I2C2_EV_IRQHandler</a> from startup_stm32f746xx.o(.text) referenced from startup_stm32f746xx.o(RESET)
 <LI><a href="#[71]">I2C3_ER_IRQHandler</a> from startup_stm32f746xx.o(.text) referenced from startup_stm32f746xx.o(RESET)
 <LI><a href="#[70]">I2C3_EV_IRQHandler</a> from startup_stm32f746xx.o(.text) referenced from startup_stm32f746xx.o(RESET)
 <LI><a href="#[87]">I2C4_ER_IRQHandler</a> from startup_stm32f746xx.o(.text) referenced from startup_stm32f746xx.o(RESET)
 <LI><a href="#[86]">I2C4_EV_IRQHandler</a> from startup_stm32f746xx.o(.text) referenced from startup_stm32f746xx.o(RESET)
 <LI><a href="#[1d]">LCD_AA_MixColors16</a> from LCD_AA.o(.text.LCD_AA_MixColors16) referenced 2 times from LCD_AA.o(.data)
 <LI><a href="#[d8]">LCD_Color2Index_8666</a> from GUICC_8666.o(.text.LCD_Color2Index_8666) referenced from GUICC_8666.o(.rodata)
 <LI><a href="#[10c]">LCD_DrawHLine</a> from LCD.o(.text.LCD_DrawHLine) referenced from GUI_Core.o(.rodata)
 <LI><a href="#[10d]">LCD_DrawPixel</a> from LCD.o(.text.LCD_DrawPixel) referenced from GUI_Core.o(.rodata)
 <LI><a href="#[a]">LCD_GetpPalConvTableBM</a> from LCD_Color.o(.text.LCD_GetpPalConvTableBM) referenced 2 times from GUI_Core.o(.data)
 <LI><a href="#[9d]">LCD_Index2Color_565</a> from GUICC_565.o(.text.LCD_Index2Color_565) referenced 2 times from GUICC_565.o(.rodata)
 <LI><a href="#[9d]">LCD_Index2Color_565</a> from GUICC_565.o(.text.LCD_Index2Color_565) referenced from GUI_DrawBitmap_565.o(.text._DrawBitmap)
 <LI><a href="#[d9]">LCD_Index2Color_8666</a> from GUICC_8666.o(.text.LCD_Index2Color_8666) referenced from GUICC_8666.o(.rodata)
 <LI><a href="#[f6]">LCD_Index2Color_888</a> from GUICC_888_Index2Color.o(.text.LCD_Index2Color_888) referenced from GUICC_888.o(.rodata)
 <LI><a href="#[fb]">LCD_Index2Color_8888</a> from GUICC_8888_Index2Color.o(.text.LCD_Index2Color_8888) referenced from GUICC_8888.o(.rodata)
 <LI><a href="#[9e]">LCD_Index2Color_M565</a> from GUICC_M565.o(.text.LCD_Index2Color_M565) referenced 2 times from GUICC_M565.o(.rodata)
 <LI><a href="#[9e]">LCD_Index2Color_M565</a> from GUICC_M565.o(.text.LCD_Index2Color_M565) referenced from GUI_DrawBitmap_565.o(.text._DrawBitmapSwapRB)
 <LI><a href="#[92]">LCD_Index2Color_M888</a> from GUICC_M888_Index2Color.o(.text.LCD_Index2Color_M888) referenced from GUICC_M888.o(.rodata)
 <LI><a href="#[92]">LCD_Index2Color_M888</a> from GUICC_M888_Index2Color.o(.text.LCD_Index2Color_M888) referenced from GUI__Alpha.o(.text.GUI__DoAlphaBlending)
 <LI><a href="#[93]">LCD_Index2Color_M8888I</a> from GUICC_M8888I_Index2Color.o(.text.LCD_Index2Color_M8888I) referenced from GUICC_M8888I.o(.rodata)
 <LI><a href="#[93]">LCD_Index2Color_M8888I</a> from GUICC_M8888I_Index2Color.o(.text.LCD_Index2Color_M8888I) referenced from GUI__Alpha.o(.text.GUI__DoAlphaBlending)
 <LI><a href="#[93]">LCD_Index2Color_M8888I</a> from GUICC_M8888I_Index2Color.o(.text.LCD_Index2Color_M8888I) referenced from GUIDEV_WriteToActiveAlpha.o(.text._WriteToActiveAlpha)
 <LI><a href="#[b8]">LCD_LL_CopyBuffer</a> from stemwin_wrapper.o(i.LCD_LL_CopyBuffer) referenced from stemwin_wrapper.o(i.LCD_X_Config)
 <LI><a href="#[b9]">LCD_LL_CopyRect</a> from stemwin_wrapper.o(i.LCD_LL_CopyRect) referenced from stemwin_wrapper.o(i.LCD_X_Config)
 <LI><a href="#[bb]">LCD_LL_DrawBitmap16bpp</a> from stemwin_wrapper.o(i.LCD_LL_DrawBitmap16bpp) referenced from stemwin_wrapper.o(i.LCD_X_Config)
 <LI><a href="#[bc]">LCD_LL_DrawBitmap32bpp</a> from stemwin_wrapper.o(i.LCD_LL_DrawBitmap32bpp) referenced from stemwin_wrapper.o(i.LCD_X_Config)
 <LI><a href="#[ba]">LCD_LL_DrawBitmap8bpp</a> from stemwin_wrapper.o(i.LCD_LL_DrawBitmap8bpp) referenced from stemwin_wrapper.o(i.LCD_X_Config)
 <LI><a href="#[b7]">LCD_LL_FillRect</a> from stemwin_wrapper.o(i.LCD_LL_FillRect) referenced from stemwin_wrapper.o(i.LCD_LL_FillRect)
 <LI><a href="#[b7]">LCD_LL_FillRect</a> from stemwin_wrapper.o(i.LCD_LL_FillRect) referenced from stemwin_wrapper.o(i.LCD_X_Config)
 <LI><a href="#[84]">LPTIM1_IRQHandler</a> from startup_stm32f746xx.o(.text) referenced from startup_stm32f746xx.o(RESET)
 <LI><a href="#[80]">LTDC_ER_IRQHandler</a> from startup_stm32f746xx.o(.text) referenced from startup_stm32f746xx.o(RESET)
 <LI><a href="#[7f]">LTDC_IRQHandler</a> from stm32f7xx_it.o(i.LTDC_IRQHandler) referenced from startup_stm32f746xx.o(RESET)
 <LI><a href="#[21]">MemManage_Handler</a> from stm32f7xx_it.o(i.MemManage_Handler) referenced from startup_stm32f746xx.o(RESET)
 <LI><a href="#[1f]">NMI_Handler</a> from stm32f7xx_it.o(i.NMI_Handler) referenced from startup_stm32f746xx.o(RESET)
 <LI><a href="#[6b]">OTG_FS_IRQHandler</a> from startup_stm32f746xx.o(.text) referenced from startup_stm32f746xx.o(RESET)
 <LI><a href="#[52]">OTG_FS_WKUP_IRQHandler</a> from startup_stm32f746xx.o(.text) referenced from startup_stm32f746xx.o(RESET)
 <LI><a href="#[73]">OTG_HS_EP1_IN_IRQHandler</a> from startup_stm32f746xx.o(.text) referenced from startup_stm32f746xx.o(RESET)
 <LI><a href="#[72]">OTG_HS_EP1_OUT_IRQHandler</a> from startup_stm32f746xx.o(.text) referenced from startup_stm32f746xx.o(RESET)
 <LI><a href="#[75]">OTG_HS_IRQHandler</a> from startup_stm32f746xx.o(.text) referenced from startup_stm32f746xx.o(RESET)
 <LI><a href="#[74]">OTG_HS_WKUP_IRQHandler</a> from startup_stm32f746xx.o(.text) referenced from startup_stm32f746xx.o(RESET)
 <LI><a href="#[29]">PVD_IRQHandler</a> from startup_stm32f746xx.o(.text) referenced from startup_stm32f746xx.o(RESET)
 <LI><a href="#[26]">PendSV_Handler</a> from stm32f7xx_it.o(i.PendSV_Handler) referenced from startup_stm32f746xx.o(RESET)
 <LI><a href="#[83]">QUADSPI_IRQHandler</a> from startup_stm32f746xx.o(.text) referenced from startup_stm32f746xx.o(RESET)
 <LI><a href="#[2d]">RCC_IRQHandler</a> from startup_stm32f746xx.o(.text) referenced from startup_stm32f746xx.o(RESET)
 <LI><a href="#[77]">RNG_IRQHandler</a> from startup_stm32f746xx.o(.text) referenced from startup_stm32f746xx.o(RESET)
 <LI><a href="#[51]">RTC_Alarm_IRQHandler</a> from startup_stm32f746xx.o(.text) referenced from startup_stm32f746xx.o(RESET)
 <LI><a href="#[2b]">RTC_WKUP_IRQHandler</a> from startup_stm32f746xx.o(.text) referenced from startup_stm32f746xx.o(RESET)
 <LI><a href="#[1e]">Reset_Handler</a> from startup_stm32f746xx.o(.text) referenced from startup_stm32f746xx.o(RESET)
 <LI><a href="#[7e]">SAI1_IRQHandler</a> from startup_stm32f746xx.o(.text) referenced from startup_stm32f746xx.o(RESET)
 <LI><a href="#[82]">SAI2_IRQHandler</a> from startup_stm32f746xx.o(.text) referenced from startup_stm32f746xx.o(RESET)
 <LI><a href="#[59]">SDMMC1_IRQHandler</a> from startup_stm32f746xx.o(.text) referenced from startup_stm32f746xx.o(RESET)
 <LI><a href="#[88]">SPDIF_RX_IRQHandler</a> from startup_stm32f746xx.o(.text) referenced from startup_stm32f746xx.o(RESET)
 <LI><a href="#[4b]">SPI1_IRQHandler</a> from startup_stm32f746xx.o(.text) referenced from startup_stm32f746xx.o(RESET)
 <LI><a href="#[4c]">SPI2_IRQHandler</a> from startup_stm32f746xx.o(.text) referenced from startup_stm32f746xx.o(RESET)
 <LI><a href="#[5b]">SPI3_IRQHandler</a> from startup_stm32f746xx.o(.text) referenced from startup_stm32f746xx.o(RESET)
 <LI><a href="#[7b]">SPI4_IRQHandler</a> from startup_stm32f746xx.o(.text) referenced from startup_stm32f746xx.o(RESET)
 <LI><a href="#[7c]">SPI5_IRQHandler</a> from startup_stm32f746xx.o(.text) referenced from startup_stm32f746xx.o(RESET)
 <LI><a href="#[7d]">SPI6_IRQHandler</a> from startup_stm32f746xx.o(.text) referenced from startup_stm32f746xx.o(RESET)
 <LI><a href="#[24]">SVC_Handler</a> from stm32f7xx_it.o(i.SVC_Handler) referenced from startup_stm32f746xx.o(RESET)
 <LI><a href="#[27]">SysTick_Handler</a> from stm32f7xx_it.o(i.SysTick_Handler) referenced from startup_stm32f746xx.o(RESET)
 <LI><a href="#[8a]">SystemInit</a> from system_stm32f7xx.o(i.SystemInit) referenced from startup_stm32f746xx.o(.text)
 <LI><a href="#[2a]">TAMP_STAMP_IRQHandler</a> from startup_stm32f746xx.o(.text) referenced from startup_stm32f746xx.o(RESET)
 <LI><a href="#[95]">TEXT_Callback</a> from TEXT.o(.text.TEXT_Callback) referenced from TEXT.o(.text.TEXT_CreateIndirect)
 <LI><a href="#[cb]">TEXT_CreateIndirect</a> from TEXT.o(.text.TEXT_CreateIndirect) referenced 2 times from windowdlg.o(.constdata)
 <LI><a href="#[40]">TIM1_BRK_TIM9_IRQHandler</a> from startup_stm32f746xx.o(.text) referenced from startup_stm32f746xx.o(RESET)
 <LI><a href="#[43]">TIM1_CC_IRQHandler</a> from startup_stm32f746xx.o(.text) referenced from startup_stm32f746xx.o(RESET)
 <LI><a href="#[42]">TIM1_TRG_COM_TIM11_IRQHandler</a> from startup_stm32f746xx.o(.text) referenced from startup_stm32f746xx.o(RESET)
 <LI><a href="#[41]">TIM1_UP_TIM10_IRQHandler</a> from startup_stm32f746xx.o(.text) referenced from startup_stm32f746xx.o(RESET)
 <LI><a href="#[44]">TIM2_IRQHandler</a> from startup_stm32f746xx.o(.text) referenced from startup_stm32f746xx.o(RESET)
 <LI><a href="#[45]">TIM3_IRQHandler</a> from stm32f7xx_it.o(i.TIM3_IRQHandler) referenced from startup_stm32f746xx.o(RESET)
 <LI><a href="#[46]">TIM4_IRQHandler</a> from startup_stm32f746xx.o(.text) referenced from startup_stm32f746xx.o(RESET)
 <LI><a href="#[5a]">TIM5_IRQHandler</a> from startup_stm32f746xx.o(.text) referenced from startup_stm32f746xx.o(RESET)
 <LI><a href="#[5e]">TIM6_DAC_IRQHandler</a> from stm32f7xx_it.o(i.TIM6_DAC_IRQHandler) referenced from startup_stm32f746xx.o(RESET)
 <LI><a href="#[5f]">TIM7_IRQHandler</a> from startup_stm32f746xx.o(.text) referenced from startup_stm32f746xx.o(RESET)
 <LI><a href="#[53]">TIM8_BRK_TIM12_IRQHandler</a> from startup_stm32f746xx.o(.text) referenced from startup_stm32f746xx.o(RESET)
 <LI><a href="#[56]">TIM8_CC_IRQHandler</a> from startup_stm32f746xx.o(.text) referenced from startup_stm32f746xx.o(RESET)
 <LI><a href="#[55]">TIM8_TRG_COM_TIM14_IRQHandler</a> from startup_stm32f746xx.o(.text) referenced from startup_stm32f746xx.o(RESET)
 <LI><a href="#[54]">TIM8_UP_TIM13_IRQHandler</a> from startup_stm32f746xx.o(.text) referenced from startup_stm32f746xx.o(RESET)
 <LI><a href="#[b5]">TransferComplete</a> from stemwin_wrapper.o(i.TransferComplete) referenced from stemwin_wrapper.o(i.DMA2D_Init)
 <LI><a href="#[5c]">UART4_IRQHandler</a> from startup_stm32f746xx.o(.text) referenced from startup_stm32f746xx.o(RESET)
 <LI><a href="#[5d]">UART5_IRQHandler</a> from startup_stm32f746xx.o(.text) referenced from startup_stm32f746xx.o(RESET)
 <LI><a href="#[79]">UART7_IRQHandler</a> from startup_stm32f746xx.o(.text) referenced from startup_stm32f746xx.o(RESET)
 <LI><a href="#[7a]">UART8_IRQHandler</a> from startup_stm32f746xx.o(.text) referenced from startup_stm32f746xx.o(RESET)
 <LI><a href="#[b6]">UART_DMAAbortOnError</a> from stm32f7xx_hal_uart.o(i.UART_DMAAbortOnError) referenced from stm32f7xx_hal_uart.o(i.HAL_UART_IRQHandler)
 <LI><a href="#[4d]">USART1_IRQHandler</a> from stm32f7xx_it.o(i.USART1_IRQHandler) referenced from startup_stm32f746xx.o(RESET)
 <LI><a href="#[4e]">USART2_IRQHandler</a> from startup_stm32f746xx.o(.text) referenced from startup_stm32f746xx.o(RESET)
 <LI><a href="#[4f]">USART3_IRQHandler</a> from startup_stm32f746xx.o(.text) referenced from startup_stm32f746xx.o(RESET)
 <LI><a href="#[6f]">USART6_IRQHandler</a> from startup_stm32f746xx.o(.text) referenced from startup_stm32f746xx.o(RESET)
 <LI><a href="#[23]">UsageFault_Handler</a> from stm32f7xx_it.o(i.UsageFault_Handler) referenced from startup_stm32f746xx.o(RESET)
 <LI><a href="#[96]">WINDOW_Callback</a> from WINDOW.o(.text.WINDOW_Callback) referenced from WINDOW.o(.text.WINDOW_CreateIndirect)
 <LI><a href="#[c9]">WINDOW_CreateIndirect</a> from WINDOW.o(.text.WINDOW_CreateIndirect) referenced 2 times from windowdlg.o(.constdata)
 <LI><a href="#[8e]">WM_HandlePID</a> from WM_Touch.o(.text.WM_HandlePID) referenced from GUI_PID.o(.text.GUI_PID_StoreState)
 <LI><a href="#[9c]">WM__Paint1</a> from WM.o(.text.WM__Paint1) referenced from WM.o(.text.WM__PaintWinAndOverlays)
 <LI><a href="#[9c]">WM__Paint1</a> from WM.o(.text.WM__Paint1) referenced from WM.o(.text._Paint1Trans)
 <LI><a href="#[28]">WWDG_IRQHandler</a> from startup_stm32f746xx.o(.text) referenced from startup_stm32f746xx.o(RESET)
 <LI><a href="#[128]">_CalcSizeOfChar</a> from GUI_UC_EncodeNone.o(.text._CalcSizeOfChar) referenced from GUI_UC_EncodeNone.o(.rodata)
 <LI><a href="#[f3]">_Color2IndexBulk</a> from GUICC_565.o(.text._Color2IndexBulk) referenced 6 times from GUICC_565.o(.rodata)
 <LI><a href="#[d0]">_Color2IndexBulk_1616I</a> from GUICC_1616I.o(.text._Color2IndexBulk_1616I) referenced from GUICC_1616I.o(.rodata)
 <LI><a href="#[e1]">_Color2IndexBulk_88666I</a> from GUICC_88666I.o(.text._Color2IndexBulk_88666I) referenced from GUICC_88666I.o(.rodata)
 <LI><a href="#[e6]">_Color2IndexBulk_M1555I</a> from GUICC_M1555I.o(.text._Color2IndexBulk_M1555I) referenced from GUICC_M1555I.o(.rodata)
 <LI><a href="#[be]">_Color2IndexBulk_M1555I_DMA2D</a> from stemwin_wrapper.o(i._Color2IndexBulk_M1555I_DMA2D) referenced from stemwin_wrapper.o(i.LCD_X_Config)
 <LI><a href="#[eb]">_Color2IndexBulk_M4444I</a> from GUICC_M4444I.o(.text._Color2IndexBulk_M4444I) referenced from GUICC_M4444I.o(.rodata)
 <LI><a href="#[c2]">_Color2IndexBulk_M4444I_DMA2D</a> from stemwin_wrapper.o(i._Color2IndexBulk_M4444I_DMA2D) referenced from stemwin_wrapper.o(i.LCD_X_Config)
 <LI><a href="#[c0]">_Color2IndexBulk_M565_DMA2D</a> from stemwin_wrapper.o(i._Color2IndexBulk_M565_DMA2D) referenced from stemwin_wrapper.o(i.LCD_X_Config)
 <LI><a href="#[ef]">_Color2IndexBulk_M8888I</a> from GUICC_M8888I.o(.text._Color2IndexBulk_M8888I) referenced from GUICC_M8888I.o(.rodata)
 <LI><a href="#[c6]">_Color2IndexBulk_M8888I_DMA2D</a> from stemwin_wrapper.o(i._Color2IndexBulk_M8888I_DMA2D) referenced from stemwin_wrapper.o(i.LCD_X_Config)
 <LI><a href="#[c4]">_Color2IndexBulk_M888_DMA2D</a> from stemwin_wrapper.o(i._Color2IndexBulk_M888_DMA2D) referenced from stemwin_wrapper.o(i.LCD_X_Config)
 <LI><a href="#[13d]">_Color2Index_0</a> from GUICC_0.o(.text._Color2Index_0) referenced from GUICC_0.o(.rodata)
 <LI><a href="#[123]">_Color2Index_16</a> from GUICC_16.o(.text._Color2Index_16) referenced from GUICC_16.o(.rodata)
 <LI><a href="#[cd]">_Color2Index_1616I</a> from GUICC_1616I.o(.text._Color2Index_1616I) referenced from GUICC_1616I.o(.rodata)
 <LI><a href="#[f1]">_Color2Index_565</a> from GUICC_565.o(.text._Color2Index_565) referenced from GUICC_565.o(.rodata)
 <LI><a href="#[d2]">_Color2Index_822216</a> from GUICC_822216.o(.text._Color2Index_822216) referenced from GUICC_822216.o(.rodata)
 <LI><a href="#[d5]">_Color2Index_84444</a> from GUICC_84444.o(.text._Color2Index_84444) referenced from GUICC_84444.o(.rodata)
 <LI><a href="#[db]">_Color2Index_8666_1</a> from GUICC_8666_1.o(.text._Color2Index_8666_1) referenced from GUICC_8666_1.o(.rodata)
 <LI><a href="#[de]">_Color2Index_88666I</a> from GUICC_88666I.o(.text._Color2Index_88666I) referenced from GUICC_88666I.o(.rodata)
 <LI><a href="#[f5]">_Color2Index_888</a> from GUICC_888.o(.text._Color2Index_888) referenced from GUICC_888.o(.rodata)
 <LI><a href="#[fa]">_Color2Index_8888</a> from GUICC_8888.o(.text._Color2Index_8888) referenced from GUICC_8888.o(.rodata)
 <LI><a href="#[e3]">_Color2Index_M1555I</a> from GUICC_M1555I.o(.text._Color2Index_M1555I) referenced from GUICC_M1555I.o(.rodata)
 <LI><a href="#[e8]">_Color2Index_M4444I</a> from GUICC_M4444I.o(.text._Color2Index_M4444I) referenced from GUICC_M4444I.o(.rodata)
 <LI><a href="#[ff]">_Color2Index_M565</a> from GUICC_M565.o(.text._Color2Index_M565) referenced from GUICC_M565.o(.rodata)
 <LI><a href="#[103]">_Color2Index_M888</a> from GUICC_M888.o(.text._Color2Index_M888) referenced from GUICC_M888.o(.rodata)
 <LI><a href="#[107]">_Color2Index_M8888</a> from GUICC_M8888.o(.text._Color2Index_M8888) referenced from GUICC_M8888.o(.rodata)
 <LI><a href="#[ed]">_Color2Index_M8888I</a> from GUICC_M8888I.o(.text._Color2Index_M8888I) referenced from GUICC_M8888I.o(.rodata)
 <LI><a href="#[a7]">_CopyBuffer</a> from GUIDRV_Lin_16.o(.text._CopyBuffer) referenced from GUIDRV_Lin_16.o(.text._GetDevFunc)
 <LI><a href="#[16]">_Create</a> from BUTTON_Skin.o(.text._Create) referenced 2 times from BUTTON_Skin.o(.data)
 <LI><a href="#[10f]">_DrawBitmap</a> from GUI_DrawBitmap_565.o(.text._DrawBitmap) referenced 5 times from GUI_DrawBitmap_565.o(.rodata)
 <LI><a href="#[10e]">_DrawBitmapSwapRB</a> from GUI_DrawBitmap_565.o(.text._DrawBitmapSwapRB) referenced from GUI_DrawBitmap_565.o(.rodata)
 <LI><a href="#[153]">_DrawDown</a> from WIDGET_Effect_Simple.o(.text._DrawDown) referenced from WIDGET_Effect_Simple.o(.rodata)
 <LI><a href="#[154]">_DrawDownRect</a> from WIDGET_Effect_Simple.o(.text._DrawDownRect) referenced from WIDGET_Effect_Simple.o(.rodata)
 <LI><a href="#[114]">_DrawHLine</a> from GUIDRV_Lin_16.o(.text._DrawHLine) referenced 3 times from GUIDRV_Lin_16.o(.rodata)
 <LI><a href="#[151]">_DrawUp</a> from WIDGET_Effect_Simple.o(.text._DrawUp) referenced from WIDGET_Effect_Simple.o(.rodata)
 <LI><a href="#[152]">_DrawUpRect</a> from WIDGET_Effect_Simple.o(.text._DrawUpRect) referenced from WIDGET_Effect_Simple.o(.rodata)
 <LI><a href="#[115]">_DrawVLine</a> from GUIDRV_Lin_16.o(.text._DrawVLine) referenced 3 times from GUIDRV_Lin_16.o(.rodata)
 <LI><a href="#[129]">_Encode</a> from GUI_UC_EncodeNone.o(.text._Encode) referenced from GUI_UC_EncodeNone.o(.rodata)
 <LI><a href="#[116]">_FillRect</a> from GUIDRV_Lin_16.o(.text._FillRect) referenced 3 times from GUIDRV_Lin_16.o(.rodata)
 <LI><a href="#[14f]">_GUI_USAGE_BM_Delete</a> from GUIDEV_UsageBM.o(.text._GUI_USAGE_BM_Delete) referenced from GUIDEV_UsageBM.o(.rodata)
 <LI><a href="#[126]">_GetCharCode</a> from GUI_UC_EncodeNone.o(.text._GetCharCode) referenced from GUI_UC_EncodeNone.o(.rodata)
 <LI><a href="#[127]">_GetCharSize</a> from GUI_UC_EncodeNone.o(.text._GetCharSize) referenced from GUI_UC_EncodeNone.o(.rodata)
 <LI><a href="#[18]">_GetCharWrap</a> from GUI__Wrap.o(.text._GetCharWrap) referenced 2 times from GUI__Wrap.o(.data)
 <LI><a href="#[12]">_GetCursorCharacter</a> from GUI__GetCursorPos.o(.text._GetCursorCharacter) referenced 2 times from GUI__GetCursorPos.o(.data)
 <LI><a href="#[11]">_GetCursorPosChar</a> from GUI__GetCursorPos.o(.text._GetCursorPosChar) referenced 2 times from GUI__GetCursorPos.o(.data)
 <LI><a href="#[10]">_GetCursorPosX</a> from GUI__GetCursorPos.o(.text._GetCursorPosX) referenced 2 times from GUI__GetCursorPos.o(.data)
 <LI><a href="#[11d]">_GetDevData</a> from GUIDRV_Lin_16.o(.text._GetDevData) referenced 3 times from GUIDRV_Lin_16.o(.rodata)
 <LI><a href="#[11b]">_GetDevFunc</a> from GUIDRV_Lin_16.o(.text._GetDevFunc) referenced 3 times from GUIDRV_Lin_16.o(.rodata)
 <LI><a href="#[11c]">_GetDevProp</a> from GUIDRV_Lin_16.o(.text._GetDevProp) referenced 3 times from GUIDRV_Lin_16.o(.rodata)
 <LI><a href="#[13f]">_GetIndexMask_0</a> from GUICC_0.o(.text._GetIndexMask_0) referenced from GUICC_0.o(.rodata)
 <LI><a href="#[125]">_GetIndexMask_16</a> from GUICC_16.o(.text._GetIndexMask_16) referenced from GUICC_16.o(.rodata)
 <LI><a href="#[cf]">_GetIndexMask_1616I</a> from GUICC_1616I.o(.text._GetIndexMask_1616I) referenced from GUICC_1616I.o(.rodata)
 <LI><a href="#[f2]">_GetIndexMask_565</a> from GUICC_565.o(.text._GetIndexMask_565) referenced from GUICC_565.o(.rodata)
 <LI><a href="#[d4]">_GetIndexMask_822216</a> from GUICC_822216.o(.text._GetIndexMask_822216) referenced from GUICC_822216.o(.rodata)
 <LI><a href="#[d7]">_GetIndexMask_84444</a> from GUICC_84444.o(.text._GetIndexMask_84444) referenced from GUICC_84444.o(.rodata)
 <LI><a href="#[da]">_GetIndexMask_8666</a> from GUICC_8666.o(.text._GetIndexMask_8666) referenced from GUICC_8666.o(.rodata)
 <LI><a href="#[dd]">_GetIndexMask_8666_1</a> from GUICC_8666_1.o(.text._GetIndexMask_8666_1) referenced from GUICC_8666_1.o(.rodata)
 <LI><a href="#[e0]">_GetIndexMask_88666I</a> from GUICC_88666I.o(.text._GetIndexMask_88666I) referenced from GUICC_88666I.o(.rodata)
 <LI><a href="#[f7]">_GetIndexMask_888</a> from GUICC_888.o(.text._GetIndexMask_888) referenced from GUICC_888.o(.rodata)
 <LI><a href="#[fc]">_GetIndexMask_8888</a> from GUICC_8888.o(.text._GetIndexMask_8888) referenced from GUICC_8888.o(.rodata)
 <LI><a href="#[e5]">_GetIndexMask_M1555I</a> from GUICC_M1555I.o(.text._GetIndexMask_M1555I) referenced from GUICC_M1555I.o(.rodata)
 <LI><a href="#[ea]">_GetIndexMask_M4444I</a> from GUICC_M4444I.o(.text._GetIndexMask_M4444I) referenced from GUICC_M4444I.o(.rodata)
 <LI><a href="#[100]">_GetIndexMask_M565</a> from GUICC_M565.o(.text._GetIndexMask_M565) referenced from GUICC_M565.o(.rodata)
 <LI><a href="#[104]">_GetIndexMask_M888</a> from GUICC_M888.o(.text._GetIndexMask_M888) referenced from GUICC_M888.o(.rodata)
 <LI><a href="#[109]">_GetIndexMask_M8888</a> from GUICC_M8888.o(.text._GetIndexMask_M8888) referenced from GUICC_M8888.o(.rodata)
 <LI><a href="#[ee]">_GetIndexMask_M8888I</a> from GUICC_M8888I.o(.text._GetIndexMask_M8888I) referenced from GUICC_M8888I.o(.rodata)
 <LI><a href="#[117]">_GetPixelIndex</a> from GUIDRV_Lin_16.o(.text._GetPixelIndex) referenced 3 times from GUIDRV_Lin_16.o(.rodata)
 <LI><a href="#[a1]">_GetPos</a> from GUIDRV_Lin_16.o(.text._GetPos) referenced from GUIDRV_Lin_16.o(.text._GetDevFunc)
 <LI><a href="#[11e]">_GetRect</a> from GUIDRV_Lin_16.o(.text._GetRect) referenced 3 times from GUIDRV_Lin_16.o(.rodata)
 <LI><a href="#[17]">_GetWordWrap</a> from GUI__Wrap.o(.text._GetWordWrap) referenced 2 times from GUI__Wrap.o(.data)
 <LI><a href="#[13b]">_GetXSize</a> from GUI_DRAW_BITMAP.o(.text._GetXSize) referenced from GUI_DRAW_BITMAP.o(.rodata)
 <LI><a href="#[13c]">_GetYSize</a> from GUI_DRAW_BITMAP.o(.text._GetYSize) referenced from GUI_DRAW_BITMAP.o(.rodata)
 <LI><a href="#[f4]">_Index2ColorBulk</a> from GUICC_565.o(.text._Index2ColorBulk) referenced 6 times from GUICC_565.o(.rodata)
 <LI><a href="#[d1]">_Index2ColorBulk_1616I</a> from GUICC_1616I.o(.text._Index2ColorBulk_1616I) referenced from GUICC_1616I.o(.rodata)
 <LI><a href="#[e2]">_Index2ColorBulk_88666I</a> from GUICC_88666I.o(.text._Index2ColorBulk_88666I) referenced from GUICC_88666I.o(.rodata)
 <LI><a href="#[e7]">_Index2ColorBulk_M1555I</a> from GUICC_M1555I.o(.text._Index2ColorBulk_M1555I) referenced from GUICC_M1555I.o(.rodata)
 <LI><a href="#[bd]">_Index2ColorBulk_M1555I_DMA2D</a> from stemwin_wrapper.o(i._Index2ColorBulk_M1555I_DMA2D) referenced from stemwin_wrapper.o(i.LCD_X_Config)
 <LI><a href="#[ec]">_Index2ColorBulk_M4444I</a> from GUICC_M4444I.o(.text._Index2ColorBulk_M4444I) referenced from GUICC_M4444I.o(.rodata)
 <LI><a href="#[c1]">_Index2ColorBulk_M4444I_DMA2D</a> from stemwin_wrapper.o(i._Index2ColorBulk_M4444I_DMA2D) referenced from stemwin_wrapper.o(i.LCD_X_Config)
 <LI><a href="#[bf]">_Index2ColorBulk_M565_DMA2D</a> from stemwin_wrapper.o(i._Index2ColorBulk_M565_DMA2D) referenced from stemwin_wrapper.o(i.LCD_X_Config)
 <LI><a href="#[f0]">_Index2ColorBulk_M8888I</a> from GUICC_M8888I.o(.text._Index2ColorBulk_M8888I) referenced from GUICC_M8888I.o(.rodata)
 <LI><a href="#[c5]">_Index2ColorBulk_M8888I_DMA2D</a> from stemwin_wrapper.o(i._Index2ColorBulk_M8888I_DMA2D) referenced from stemwin_wrapper.o(i.LCD_X_Config)
 <LI><a href="#[c3]">_Index2ColorBulk_M888_DMA2D</a> from stemwin_wrapper.o(i._Index2ColorBulk_M888_DMA2D) referenced from stemwin_wrapper.o(i.LCD_X_Config)
 <LI><a href="#[13e]">_Index2Color_0</a> from GUICC_0.o(.text._Index2Color_0) referenced from GUICC_0.o(.rodata)
 <LI><a href="#[124]">_Index2Color_16</a> from GUICC_16.o(.text._Index2Color_16) referenced from GUICC_16.o(.rodata)
 <LI><a href="#[ce]">_Index2Color_1616I</a> from GUICC_1616I.o(.text._Index2Color_1616I) referenced from GUICC_1616I.o(.rodata)
 <LI><a href="#[d3]">_Index2Color_822216</a> from GUICC_822216.o(.text._Index2Color_822216) referenced from GUICC_822216.o(.rodata)
 <LI><a href="#[d6]">_Index2Color_84444</a> from GUICC_84444.o(.text._Index2Color_84444) referenced from GUICC_84444.o(.rodata)
 <LI><a href="#[dc]">_Index2Color_8666_1</a> from GUICC_8666_1.o(.text._Index2Color_8666_1) referenced from GUICC_8666_1.o(.rodata)
 <LI><a href="#[df]">_Index2Color_88666I</a> from GUICC_88666I.o(.text._Index2Color_88666I) referenced from GUICC_88666I.o(.rodata)
 <LI><a href="#[e4]">_Index2Color_M1555I</a> from GUICC_M1555I.o(.text._Index2Color_M1555I) referenced from GUICC_M1555I.o(.rodata)
 <LI><a href="#[e9]">_Index2Color_M4444I</a> from GUICC_M4444I.o(.text._Index2Color_M4444I) referenced from GUICC_M4444I.o(.rodata)
 <LI><a href="#[108]">_Index2Color_M8888</a> from GUICC_M8888.o(.text._Index2Color_M8888) referenced from GUICC_M8888.o(.rodata)
 <LI><a href="#[ae]">_Init</a> from GUIDRV_Lin_16.o(.text._Init) referenced from GUIDRV_Lin_16.o(.text._GetDevFunc)
 <LI><a href="#[c7]">_LCD_DrawBitmapAlpha</a> from stemwin_wrapper.o(i._LCD_DrawBitmapAlpha) referenced from stemwin_wrapper.o(i.LCD_X_Config)
 <LI><a href="#[c8]">_LCD_DrawMemdevAlpha</a> from stemwin_wrapper.o(i._LCD_DrawMemdevAlpha) referenced from stemwin_wrapper.o(i.LCD_X_Config)
 <LI><a href="#[f]">_Log2VisBuffered</a> from GUI_CharLine.o(.text._Log2VisBuffered) referenced 2 times from GUI_CharLine.o(.data)
 <LI><a href="#[1c]">_NextPixel_End</a> from LCD_NextPixelAPI.o(.text._NextPixel_End) referenced 2 times from LCD_NextPixelAPI.o(.data)
 <LI><a href="#[1b]">_NextPixel_NextLine</a> from LCD_NextPixelAPI.o(.text._NextPixel_NextLine) referenced 2 times from LCD_NextPixelAPI.o(.data)
 <LI><a href="#[1a]">_NextPixel_SetPixel</a> from LCD_NextPixelAPI.o(.text._NextPixel_SetPixel) referenced 2 times from LCD_NextPixelAPI.o(.data)
 <LI><a href="#[19]">_NextPixel_Start</a> from LCD_NextPixelAPI.o(.text._NextPixel_Start) referenced 2 times from LCD_NextPixelAPI.o(.data)
 <LI><a href="#[ac]">_Off</a> from GUIDRV_Lin_16.o(.text._Off) referenced from GUIDRV_Lin_16.o(.text._GetDevFunc)
 <LI><a href="#[ad]">_On</a> from GUIDRV_Lin_16.o(.text._On) referenced from GUIDRV_Lin_16.o(.text._GetDevFunc)
 <LI><a href="#[8f]">_OnExit</a> from GUI_PID.o(.text._OnExit) referenced from GUI_PID.o(.text.GUI_PID_StoreState)
 <LI><a href="#[90]">_OnExit</a> from GUI__Alpha.o(.text._OnExit) referenced from GUI__Alpha.o(.text.GUI__AllocAlphaBuffer)
 <LI><a href="#[91]">_OnExit</a> from GUI_Core.o(.text._OnExit) referenced from GUI_Core.o(.text.GUI__Config)
 <LI><a href="#[90]">_OnExit</a> from GUI__Alpha.o(.text._OnExit) referenced from GUI__Alpha.o(.text.GUI__DoAlphaBlending)
 <LI><a href="#[90]">_OnExit</a> from GUI__Alpha.o(.text._OnExit) referenced from GUI__Alpha.o(.text.GUI__GetAlphaBuffer)
 <LI><a href="#[94]">_OnExit</a> from LCD_Color.o(.text._OnExit) referenced from LCD_Color.o(.text.LCD_InitColors)
 <LI><a href="#[9a]">_OnExit</a> from WM.o(.text._OnExit) referenced from WM.o(.text.WM_Init)
 <LI><a href="#[d]">_OnTouchDefault</a> from BUTTON.o(.text._OnTouchDefault) referenced 2 times from BUTTON.o(.data)
 <LI><a href="#[15]">_Paint</a> from BUTTON_Skin.o(.text._Paint) referenced 2 times from BUTTON_Skin.o(.data)
 <LI><a href="#[a4]">_ReadRect</a> from GUIDRV_Lin_16.o(.text._ReadRect) referenced from GUIDRV_Lin_16.o(.text._GetDevFunc)
 <LI><a href="#[a3]">_SetAlpha</a> from GUIDRV_Lin_16.o(.text._SetAlpha) referenced from GUIDRV_Lin_16.o(.text._GetDevFunc)
 <LI><a href="#[ab]">_SetAlphaMode</a> from GUIDRV_Lin_16.o(.text._SetAlphaMode) referenced from GUIDRV_Lin_16.o(.text._GetDevFunc)
 <LI><a href="#[111]">_SetBkColor</a> from LCD.o(.text._SetBkColor) referenced from LCD.o(.rodata)
 <LI><a href="#[a9]">_SetChroma</a> from GUIDRV_Lin_16.o(.text._SetChroma) referenced from GUIDRV_Lin_16.o(.text._GetDevFunc)
 <LI><a href="#[aa]">_SetChromaMode</a> from GUIDRV_Lin_16.o(.text._SetChromaMode) referenced from GUIDRV_Lin_16.o(.text._GetDevFunc)
 <LI><a href="#[110]">_SetColor</a> from LCD.o(.text._SetColor) referenced from LCD.o(.rodata)
 <LI><a href="#[a8]">_SetDevFunc</a> from GUIDRV_Lin_16.o(.text._SetDevFunc) referenced from GUIDRV_Lin_16.o(.text._GetDevFunc)
 <LI><a href="#[112]">_SetDrawMode</a> from LCD.o(.text._SetDrawMode) referenced from LCD.o(.rodata)
 <LI><a href="#[11a]">_SetOrg</a> from GUIDRV_Lin_16.o(.text._SetOrg) referenced 3 times from GUIDRV_Lin_16.o(.rodata)
 <LI><a href="#[118]">_SetPixelIndex</a> from GUIDRV_Lin_16.o(.text._SetPixelIndex) referenced 3 times from GUIDRV_Lin_16.o(.rodata)
 <LI><a href="#[a2]">_SetPos</a> from GUIDRV_Lin_16.o(.text._SetPos) referenced from GUIDRV_Lin_16.o(.text._GetDevFunc)
 <LI><a href="#[af]">_SetSize</a> from GUIDRV_Lin_16.o(.text._SetSize) referenced from GUIDRV_Lin_16.o(.text._GetDevFunc)
 <LI><a href="#[9f]">_SetVRAMAddr</a> from GUIDRV_Lin_16.o(.text._SetVRAMAddr) referenced from GUIDRV_Lin_16.o(.text._GetDevFunc)
 <LI><a href="#[a5]">_SetVRAM_BufferPTR</a> from GUIDRV_Lin_16.o(.text._SetVRAM_BufferPTR) referenced from GUIDRV_Lin_16.o(.text._GetDevFunc)
 <LI><a href="#[b0]">_SetVSize</a> from GUIDRV_Lin_16.o(.text._SetVSize) referenced from GUIDRV_Lin_16.o(.text._GetDevFunc)
 <LI><a href="#[a0]">_SetVis</a> from GUIDRV_Lin_16.o(.text._SetVis) referenced from GUIDRV_Lin_16.o(.text._GetDevFunc)
 <LI><a href="#[a6]">_ShowBuffer</a> from GUIDRV_Lin_16.o(.text._ShowBuffer) referenced from GUIDRV_Lin_16.o(.text._GetDevFunc)
 <LI><a href="#[119]">_XorPixel</a> from GUIDRV_Lin_16.o(.text._XorPixel) referenced 3 times from GUIDRV_Lin_16.o(.rodata)
 <LI><a href="#[8b]">__main</a> from entry.o(.ARM.Collect$$$$00000000) referenced from startup_stm32f746xx.o(.text)
 <LI><a href="#[99]">_cbBackWin</a> from WM.o(.text._cbBackWin) referenced from WM.o(.text.WM_Init)
 <LI><a href="#[b3]">_cbDialog</a> from windowdlg.o(i._cbDialog) referenced from windowdlg.o(i.CreateWindow)
 <LI><a href="#[b4]">_cbDialog</a> from bombdlg.o(i._cbDialog) referenced from bombdlg.o(i.Createbomb)
 <LI><a href="#[97]">_cbInvalidateOne</a> from WM_BringToTop.o(.text._cbInvalidateOne) referenced from WM_BringToTop.o(.text.WM_BringToTop)
 <LI><a href="#[98]">_cbPaintMemDev</a> from WM.o(.text._cbPaintMemDev) referenced from WM.o(.text.WM_Exec)
 <LI><a href="#[0]">ft5336_Init</a> from ft5336.o(i.ft5336_Init) referenced 2 times from ft5336.o(.data)
 <LI><a href="#[1]">ft5336_ReadID</a> from ft5336.o(i.ft5336_ReadID) referenced 2 times from ft5336.o(.data)
 <LI><a href="#[2]">ft5336_Reset</a> from ft5336.o(i.ft5336_Reset) referenced 2 times from ft5336.o(.data)
 <LI><a href="#[7]">ft5336_TS_ClearIT</a> from ft5336.o(i.ft5336_TS_ClearIT) referenced 2 times from ft5336.o(.data)
 <LI><a href="#[4]">ft5336_TS_DetectTouch</a> from ft5336.o(i.ft5336_TS_DetectTouch) referenced 2 times from ft5336.o(.data)
 <LI><a href="#[9]">ft5336_TS_DisableIT</a> from ft5336.o(i.ft5336_TS_DisableIT) referenced 2 times from ft5336.o(.data)
 <LI><a href="#[6]">ft5336_TS_EnableIT</a> from ft5336.o(i.ft5336_TS_EnableIT) referenced 2 times from ft5336.o(.data)
 <LI><a href="#[5]">ft5336_TS_GetXY</a> from ft5336.o(i.ft5336_TS_GetXY) referenced 2 times from ft5336.o(.data)
 <LI><a href="#[8]">ft5336_TS_ITStatus</a> from ft5336.o(i.ft5336_TS_ITStatus) referenced 2 times from ft5336.o(.data)
 <LI><a href="#[3]">ft5336_TS_Start</a> from ft5336.o(i.ft5336_TS_Start) referenced 2 times from ft5336.o(.data)
 <LI><a href="#[89]">main</a> from main.o(i.main) referenced from entry9a.o(.ARM.Collect$$$$0000000B)
 <LI><a href="#[13]">memcpy</a> from memmove.o(.text) referenced 2 times from GUI__Private.o(.data)
 <LI><a href="#[14]">memset</a> from memseta.o(.text) referenced 2 times from GUI__Private.o(.data)
</UL>
<P>
<H3>
Global Symbols
</H3>
<P><STRONG><a name="[8b]"></a>__main</STRONG> (Thumb, 0 bytes, Stack size unknown bytes, entry.o(.ARM.Collect$$$$00000000))
<BR>[Address Reference Count : 1]<UL><LI> startup_stm32f746xx.o(.text)
</UL>
<P><STRONG><a name="[381]"></a>_main_stk</STRONG> (Thumb, 0 bytes, Stack size unknown bytes, entry2.o(.ARM.Collect$$$$00000001))

<P><STRONG><a name="[155]"></a>_main_scatterload</STRONG> (Thumb, 0 bytes, Stack size unknown bytes, entry5.o(.ARM.Collect$$$$00000004))
<BR><BR>[Calls]<UL><LI><a href="#[156]">&gt;&gt;</a>&nbsp;&nbsp;&nbsp;__scatterload
</UL>

<P><STRONG><a name="[15c]"></a>__main_after_scatterload</STRONG> (Thumb, 0 bytes, Stack size unknown bytes, entry5.o(.ARM.Collect$$$$00000004))
<BR><BR>[Called By]<UL><LI><a href="#[156]">&gt;&gt;</a>&nbsp;&nbsp;&nbsp;__scatterload
</UL>

<P><STRONG><a name="[382]"></a>_main_clock</STRONG> (Thumb, 0 bytes, Stack size unknown bytes, entry7b.o(.ARM.Collect$$$$00000008))

<P><STRONG><a name="[383]"></a>_main_cpp_init</STRONG> (Thumb, 0 bytes, Stack size unknown bytes, entry8b.o(.ARM.Collect$$$$0000000A))

<P><STRONG><a name="[384]"></a>_main_init</STRONG> (Thumb, 0 bytes, Stack size unknown bytes, entry9a.o(.ARM.Collect$$$$0000000B))

<P><STRONG><a name="[385]"></a>__rt_final_cpp</STRONG> (Thumb, 0 bytes, Stack size unknown bytes, entry10a.o(.ARM.Collect$$$$0000000D))

<P><STRONG><a name="[386]"></a>__rt_final_exit</STRONG> (Thumb, 0 bytes, Stack size unknown bytes, entry11a.o(.ARM.Collect$$$$0000000F))

<P><STRONG><a name="[1e]"></a>Reset_Handler</STRONG> (Thumb, 8 bytes, Stack size 0 bytes, startup_stm32f746xx.o(.text))
<BR>[Address Reference Count : 1]<UL><LI> startup_stm32f746xx.o(RESET)
</UL>
<P><STRONG><a name="[3a]"></a>ADC_IRQHandler</STRONG> (Thumb, 0 bytes, Stack size 0 bytes, startup_stm32f746xx.o(.text))
<BR><BR>[Calls]<UL><LI><a href="#[3a]">&gt;&gt;</a>&nbsp;&nbsp;&nbsp;ADC_IRQHandler
</UL>
<BR>[Called By]<UL><LI><a href="#[3a]">&gt;&gt;</a>&nbsp;&nbsp;&nbsp;ADC_IRQHandler
</UL>
<BR>[Address Reference Count : 1]<UL><LI> startup_stm32f746xx.o(RESET)
</UL>
<P><STRONG><a name="[3c]"></a>CAN1_RX0_IRQHandler</STRONG> (Thumb, 0 bytes, Stack size 0 bytes, startup_stm32f746xx.o(.text))
<BR>[Address Reference Count : 1]<UL><LI> startup_stm32f746xx.o(RESET)
</UL>
<P><STRONG><a name="[3d]"></a>CAN1_RX1_IRQHandler</STRONG> (Thumb, 0 bytes, Stack size 0 bytes, startup_stm32f746xx.o(.text))
<BR>[Address Reference Count : 1]<UL><LI> startup_stm32f746xx.o(RESET)
</UL>
<P><STRONG><a name="[3e]"></a>CAN1_SCE_IRQHandler</STRONG> (Thumb, 0 bytes, Stack size 0 bytes, startup_stm32f746xx.o(.text))
<BR>[Address Reference Count : 1]<UL><LI> startup_stm32f746xx.o(RESET)
</UL>
<P><STRONG><a name="[3b]"></a>CAN1_TX_IRQHandler</STRONG> (Thumb, 0 bytes, Stack size 0 bytes, startup_stm32f746xx.o(.text))
<BR>[Address Reference Count : 1]<UL><LI> startup_stm32f746xx.o(RESET)
</UL>
<P><STRONG><a name="[68]"></a>CAN2_RX0_IRQHandler</STRONG> (Thumb, 0 bytes, Stack size 0 bytes, startup_stm32f746xx.o(.text))
<BR>[Address Reference Count : 1]<UL><LI> startup_stm32f746xx.o(RESET)
</UL>
<P><STRONG><a name="[69]"></a>CAN2_RX1_IRQHandler</STRONG> (Thumb, 0 bytes, Stack size 0 bytes, startup_stm32f746xx.o(.text))
<BR>[Address Reference Count : 1]<UL><LI> startup_stm32f746xx.o(RESET)
</UL>
<P><STRONG><a name="[6a]"></a>CAN2_SCE_IRQHandler</STRONG> (Thumb, 0 bytes, Stack size 0 bytes, startup_stm32f746xx.o(.text))
<BR>[Address Reference Count : 1]<UL><LI> startup_stm32f746xx.o(RESET)
</UL>
<P><STRONG><a name="[67]"></a>CAN2_TX_IRQHandler</STRONG> (Thumb, 0 bytes, Stack size 0 bytes, startup_stm32f746xx.o(.text))
<BR>[Address Reference Count : 1]<UL><LI> startup_stm32f746xx.o(RESET)
</UL>
<P><STRONG><a name="[85]"></a>CEC_IRQHandler</STRONG> (Thumb, 0 bytes, Stack size 0 bytes, startup_stm32f746xx.o(.text))
<BR>[Address Reference Count : 1]<UL><LI> startup_stm32f746xx.o(RESET)
</UL>
<P><STRONG><a name="[76]"></a>DCMI_IRQHandler</STRONG> (Thumb, 0 bytes, Stack size 0 bytes, startup_stm32f746xx.o(.text))
<BR>[Address Reference Count : 1]<UL><LI> startup_stm32f746xx.o(RESET)
</UL>
<P><STRONG><a name="[33]"></a>DMA1_Stream0_IRQHandler</STRONG> (Thumb, 0 bytes, Stack size 0 bytes, startup_stm32f746xx.o(.text))
<BR>[Address Reference Count : 1]<UL><LI> startup_stm32f746xx.o(RESET)
</UL>
<P><STRONG><a name="[34]"></a>DMA1_Stream1_IRQHandler</STRONG> (Thumb, 0 bytes, Stack size 0 bytes, startup_stm32f746xx.o(.text))
<BR>[Address Reference Count : 1]<UL><LI> startup_stm32f746xx.o(RESET)
</UL>
<P><STRONG><a name="[35]"></a>DMA1_Stream2_IRQHandler</STRONG> (Thumb, 0 bytes, Stack size 0 bytes, startup_stm32f746xx.o(.text))
<BR>[Address Reference Count : 1]<UL><LI> startup_stm32f746xx.o(RESET)
</UL>
<P><STRONG><a name="[36]"></a>DMA1_Stream3_IRQHandler</STRONG> (Thumb, 0 bytes, Stack size 0 bytes, startup_stm32f746xx.o(.text))
<BR>[Address Reference Count : 1]<UL><LI> startup_stm32f746xx.o(RESET)
</UL>
<P><STRONG><a name="[37]"></a>DMA1_Stream4_IRQHandler</STRONG> (Thumb, 0 bytes, Stack size 0 bytes, startup_stm32f746xx.o(.text))
<BR>[Address Reference Count : 1]<UL><LI> startup_stm32f746xx.o(RESET)
</UL>
<P><STRONG><a name="[38]"></a>DMA1_Stream5_IRQHandler</STRONG> (Thumb, 0 bytes, Stack size 0 bytes, startup_stm32f746xx.o(.text))
<BR>[Address Reference Count : 1]<UL><LI> startup_stm32f746xx.o(RESET)
</UL>
<P><STRONG><a name="[39]"></a>DMA1_Stream6_IRQHandler</STRONG> (Thumb, 0 bytes, Stack size 0 bytes, startup_stm32f746xx.o(.text))
<BR>[Address Reference Count : 1]<UL><LI> startup_stm32f746xx.o(RESET)
</UL>
<P><STRONG><a name="[57]"></a>DMA1_Stream7_IRQHandler</STRONG> (Thumb, 0 bytes, Stack size 0 bytes, startup_stm32f746xx.o(.text))
<BR>[Address Reference Count : 1]<UL><LI> startup_stm32f746xx.o(RESET)
</UL>
<P><STRONG><a name="[60]"></a>DMA2_Stream0_IRQHandler</STRONG> (Thumb, 0 bytes, Stack size 0 bytes, startup_stm32f746xx.o(.text))
<BR>[Address Reference Count : 1]<UL><LI> startup_stm32f746xx.o(RESET)
</UL>
<P><STRONG><a name="[61]"></a>DMA2_Stream1_IRQHandler</STRONG> (Thumb, 0 bytes, Stack size 0 bytes, startup_stm32f746xx.o(.text))
<BR>[Address Reference Count : 1]<UL><LI> startup_stm32f746xx.o(RESET)
</UL>
<P><STRONG><a name="[62]"></a>DMA2_Stream2_IRQHandler</STRONG> (Thumb, 0 bytes, Stack size 0 bytes, startup_stm32f746xx.o(.text))
<BR>[Address Reference Count : 1]<UL><LI> startup_stm32f746xx.o(RESET)
</UL>
<P><STRONG><a name="[63]"></a>DMA2_Stream3_IRQHandler</STRONG> (Thumb, 0 bytes, Stack size 0 bytes, startup_stm32f746xx.o(.text))
<BR>[Address Reference Count : 1]<UL><LI> startup_stm32f746xx.o(RESET)
</UL>
<P><STRONG><a name="[64]"></a>DMA2_Stream4_IRQHandler</STRONG> (Thumb, 0 bytes, Stack size 0 bytes, startup_stm32f746xx.o(.text))
<BR>[Address Reference Count : 1]<UL><LI> startup_stm32f746xx.o(RESET)
</UL>
<P><STRONG><a name="[6c]"></a>DMA2_Stream5_IRQHandler</STRONG> (Thumb, 0 bytes, Stack size 0 bytes, startup_stm32f746xx.o(.text))
<BR>[Address Reference Count : 1]<UL><LI> startup_stm32f746xx.o(RESET)
</UL>
<P><STRONG><a name="[6d]"></a>DMA2_Stream6_IRQHandler</STRONG> (Thumb, 0 bytes, Stack size 0 bytes, startup_stm32f746xx.o(.text))
<BR>[Address Reference Count : 1]<UL><LI> startup_stm32f746xx.o(RESET)
</UL>
<P><STRONG><a name="[6e]"></a>DMA2_Stream7_IRQHandler</STRONG> (Thumb, 0 bytes, Stack size 0 bytes, startup_stm32f746xx.o(.text))
<BR>[Address Reference Count : 1]<UL><LI> startup_stm32f746xx.o(RESET)
</UL>
<P><STRONG><a name="[65]"></a>ETH_IRQHandler</STRONG> (Thumb, 0 bytes, Stack size 0 bytes, startup_stm32f746xx.o(.text))
<BR>[Address Reference Count : 1]<UL><LI> startup_stm32f746xx.o(RESET)
</UL>
<P><STRONG><a name="[66]"></a>ETH_WKUP_IRQHandler</STRONG> (Thumb, 0 bytes, Stack size 0 bytes, startup_stm32f746xx.o(.text))
<BR>[Address Reference Count : 1]<UL><LI> startup_stm32f746xx.o(RESET)
</UL>
<P><STRONG><a name="[2e]"></a>EXTI0_IRQHandler</STRONG> (Thumb, 0 bytes, Stack size 0 bytes, startup_stm32f746xx.o(.text))
<BR>[Address Reference Count : 1]<UL><LI> startup_stm32f746xx.o(RESET)
</UL>
<P><STRONG><a name="[50]"></a>EXTI15_10_IRQHandler</STRONG> (Thumb, 0 bytes, Stack size 0 bytes, startup_stm32f746xx.o(.text))
<BR>[Address Reference Count : 1]<UL><LI> startup_stm32f746xx.o(RESET)
</UL>
<P><STRONG><a name="[2f]"></a>EXTI1_IRQHandler</STRONG> (Thumb, 0 bytes, Stack size 0 bytes, startup_stm32f746xx.o(.text))
<BR>[Address Reference Count : 1]<UL><LI> startup_stm32f746xx.o(RESET)
</UL>
<P><STRONG><a name="[30]"></a>EXTI2_IRQHandler</STRONG> (Thumb, 0 bytes, Stack size 0 bytes, startup_stm32f746xx.o(.text))
<BR>[Address Reference Count : 1]<UL><LI> startup_stm32f746xx.o(RESET)
</UL>
<P><STRONG><a name="[31]"></a>EXTI3_IRQHandler</STRONG> (Thumb, 0 bytes, Stack size 0 bytes, startup_stm32f746xx.o(.text))
<BR>[Address Reference Count : 1]<UL><LI> startup_stm32f746xx.o(RESET)
</UL>
<P><STRONG><a name="[32]"></a>EXTI4_IRQHandler</STRONG> (Thumb, 0 bytes, Stack size 0 bytes, startup_stm32f746xx.o(.text))
<BR>[Address Reference Count : 1]<UL><LI> startup_stm32f746xx.o(RESET)
</UL>
<P><STRONG><a name="[3f]"></a>EXTI9_5_IRQHandler</STRONG> (Thumb, 0 bytes, Stack size 0 bytes, startup_stm32f746xx.o(.text))
<BR>[Address Reference Count : 1]<UL><LI> startup_stm32f746xx.o(RESET)
</UL>
<P><STRONG><a name="[2c]"></a>FLASH_IRQHandler</STRONG> (Thumb, 0 bytes, Stack size 0 bytes, startup_stm32f746xx.o(.text))
<BR>[Address Reference Count : 1]<UL><LI> startup_stm32f746xx.o(RESET)
</UL>
<P><STRONG><a name="[58]"></a>FMC_IRQHandler</STRONG> (Thumb, 0 bytes, Stack size 0 bytes, startup_stm32f746xx.o(.text))
<BR>[Address Reference Count : 1]<UL><LI> startup_stm32f746xx.o(RESET)
</UL>
<P><STRONG><a name="[78]"></a>FPU_IRQHandler</STRONG> (Thumb, 0 bytes, Stack size 0 bytes, startup_stm32f746xx.o(.text))
<BR>[Address Reference Count : 1]<UL><LI> startup_stm32f746xx.o(RESET)
</UL>
<P><STRONG><a name="[48]"></a>I2C1_ER_IRQHandler</STRONG> (Thumb, 0 bytes, Stack size 0 bytes, startup_stm32f746xx.o(.text))
<BR>[Address Reference Count : 1]<UL><LI> startup_stm32f746xx.o(RESET)
</UL>
<P><STRONG><a name="[47]"></a>I2C1_EV_IRQHandler</STRONG> (Thumb, 0 bytes, Stack size 0 bytes, startup_stm32f746xx.o(.text))
<BR>[Address Reference Count : 1]<UL><LI> startup_stm32f746xx.o(RESET)
</UL>
<P><STRONG><a name="[4a]"></a>I2C2_ER_IRQHandler</STRONG> (Thumb, 0 bytes, Stack size 0 bytes, startup_stm32f746xx.o(.text))
<BR>[Address Reference Count : 1]<UL><LI> startup_stm32f746xx.o(RESET)
</UL>
<P><STRONG><a name="[49]"></a>I2C2_EV_IRQHandler</STRONG> (Thumb, 0 bytes, Stack size 0 bytes, startup_stm32f746xx.o(.text))
<BR>[Address Reference Count : 1]<UL><LI> startup_stm32f746xx.o(RESET)
</UL>
<P><STRONG><a name="[71]"></a>I2C3_ER_IRQHandler</STRONG> (Thumb, 0 bytes, Stack size 0 bytes, startup_stm32f746xx.o(.text))
<BR>[Address Reference Count : 1]<UL><LI> startup_stm32f746xx.o(RESET)
</UL>
<P><STRONG><a name="[70]"></a>I2C3_EV_IRQHandler</STRONG> (Thumb, 0 bytes, Stack size 0 bytes, startup_stm32f746xx.o(.text))
<BR>[Address Reference Count : 1]<UL><LI> startup_stm32f746xx.o(RESET)
</UL>
<P><STRONG><a name="[87]"></a>I2C4_ER_IRQHandler</STRONG> (Thumb, 0 bytes, Stack size 0 bytes, startup_stm32f746xx.o(.text))
<BR>[Address Reference Count : 1]<UL><LI> startup_stm32f746xx.o(RESET)
</UL>
<P><STRONG><a name="[86]"></a>I2C4_EV_IRQHandler</STRONG> (Thumb, 0 bytes, Stack size 0 bytes, startup_stm32f746xx.o(.text))
<BR>[Address Reference Count : 1]<UL><LI> startup_stm32f746xx.o(RESET)
</UL>
<P><STRONG><a name="[84]"></a>LPTIM1_IRQHandler</STRONG> (Thumb, 0 bytes, Stack size 0 bytes, startup_stm32f746xx.o(.text))
<BR>[Address Reference Count : 1]<UL><LI> startup_stm32f746xx.o(RESET)
</UL>
<P><STRONG><a name="[80]"></a>LTDC_ER_IRQHandler</STRONG> (Thumb, 0 bytes, Stack size 0 bytes, startup_stm32f746xx.o(.text))
<BR>[Address Reference Count : 1]<UL><LI> startup_stm32f746xx.o(RESET)
</UL>
<P><STRONG><a name="[6b]"></a>OTG_FS_IRQHandler</STRONG> (Thumb, 0 bytes, Stack size 0 bytes, startup_stm32f746xx.o(.text))
<BR>[Address Reference Count : 1]<UL><LI> startup_stm32f746xx.o(RESET)
</UL>
<P><STRONG><a name="[52]"></a>OTG_FS_WKUP_IRQHandler</STRONG> (Thumb, 0 bytes, Stack size 0 bytes, startup_stm32f746xx.o(.text))
<BR>[Address Reference Count : 1]<UL><LI> startup_stm32f746xx.o(RESET)
</UL>
<P><STRONG><a name="[73]"></a>OTG_HS_EP1_IN_IRQHandler</STRONG> (Thumb, 0 bytes, Stack size 0 bytes, startup_stm32f746xx.o(.text))
<BR>[Address Reference Count : 1]<UL><LI> startup_stm32f746xx.o(RESET)
</UL>
<P><STRONG><a name="[72]"></a>OTG_HS_EP1_OUT_IRQHandler</STRONG> (Thumb, 0 bytes, Stack size 0 bytes, startup_stm32f746xx.o(.text))
<BR>[Address Reference Count : 1]<UL><LI> startup_stm32f746xx.o(RESET)
</UL>
<P><STRONG><a name="[75]"></a>OTG_HS_IRQHandler</STRONG> (Thumb, 0 bytes, Stack size 0 bytes, startup_stm32f746xx.o(.text))
<BR>[Address Reference Count : 1]<UL><LI> startup_stm32f746xx.o(RESET)
</UL>
<P><STRONG><a name="[74]"></a>OTG_HS_WKUP_IRQHandler</STRONG> (Thumb, 0 bytes, Stack size 0 bytes, startup_stm32f746xx.o(.text))
<BR>[Address Reference Count : 1]<UL><LI> startup_stm32f746xx.o(RESET)
</UL>
[...]
<BR><BR>[Calls]<UL><LI><a href="#[161]">&gt;&gt;</a>&nbsp;&nbsp;&nbsp;GUI_ALLOC_UnlockH
<LI><a href="#[160]">&gt;&gt;</a>&nbsp;&nbsp;&nbsp;GUI_ALLOC_LockH
</UL>
<BR>[Address Reference Count : 1]<UL><LI> GUIDEV_16.o(.rodata)
</UL>
<P><STRONG><a name="[134]"></a>_XorPixel</STRONG> (Thumb, 132 bytes, Stack size unknown bytes, GUIDEV_16.o(.text._XorPixel))
<BR><BR>[Calls]<UL><LI><a href="#[161]">&gt;&gt;</a>&nbsp;&nbsp;&nbsp;GUI_ALLOC_UnlockH
<LI><a href="#[160]">&gt;&gt;</a>&nbsp;&nbsp;&nbsp;GUI_ALLOC_LockH
</UL>
<BR>[Address Reference Count : 1]<UL><LI> GUIDEV_16.o(.rodata)
</UL>
<P><STRONG><a name="[131]"></a>_FillRect</STRONG> (Thumb, 372 bytes, Stack size unknown bytes, GUIDEV_16.o(.text._FillRect))
<BR><BR>[Calls]<UL><LI><a href="#[2a3]">&gt;&gt;</a>&nbsp;&nbsp;&nbsp;GUI_USAGE_AddRect
<LI><a href="#[161]">&gt;&gt;</a>&nbsp;&nbsp;&nbsp;GUI_ALLOC_UnlockH
<LI><a href="#[160]">&gt;&gt;</a>&nbsp;&nbsp;&nbsp;GUI_ALLOC_LockH
<LI><a href="#[2a4]">&gt;&gt;</a>&nbsp;&nbsp;&nbsp;GUI__memset16
</UL>
<BR>[Called By]<UL><LI><a href="#[12f]">&gt;&gt;</a>&nbsp;&nbsp;&nbsp;_DrawHLine
</UL>
<BR>[Address Reference Count : 1]<UL><LI> GUIDEV_16.o(.rodata)
</UL>
<P><STRONG><a name="[12f]"></a>_DrawHLine</STRONG> (Thumb, 16 bytes, Stack size unknown bytes, GUIDEV_16.o(.text._DrawHLine))
<BR><BR>[Calls]<UL><LI><a href="#[131]">&gt;&gt;</a>&nbsp;&nbsp;&nbsp;_FillRect
</UL>
<BR>[Address Reference Count : 1]<UL><LI> GUIDEV_16.o(.rodata)
</UL>
<P><STRONG><a name="[130]"></a>_DrawVLine</STRONG> (Thumb, 232 bytes, Stack size unknown bytes, GUIDEV_16.o(.text._DrawVLine))
<BR><BR>[Calls]<UL><LI><a href="#[161]">&gt;&gt;</a>&nbsp;&nbsp;&nbsp;GUI_ALLOC_UnlockH
<LI><a href="#[160]">&gt;&gt;</a>&nbsp;&nbsp;&nbsp;GUI_ALLOC_LockH
</UL>
<BR>[Address Reference Count : 1]<UL><LI> GUIDEV_16.o(.rodata)
</UL>
<P><STRONG><a name="[290]"></a>_MoveDescendents</STRONG> (Thumb, 598 bytes, Stack size unknown bytes, WM_Move.o(.text._MoveDescendents))
<BR><BR>[Calls]<UL><LI><a href="#[290]">&gt;&gt;</a>&nbsp;&nbsp;&nbsp;_MoveDescendents
<LI><a href="#[170]">&gt;&gt;</a>&nbsp;&nbsp;&nbsp;GUI_MoveRect
<LI><a href="#[161]">&gt;&gt;</a>&nbsp;&nbsp;&nbsp;GUI_ALLOC_UnlockH
<LI><a href="#[160]">&gt;&gt;</a>&nbsp;&nbsp;&nbsp;GUI_ALLOC_LockH
<LI><a href="#[26d]">&gt;&gt;</a>&nbsp;&nbsp;&nbsp;WM__SendMessage
</UL>
<BR>[Called By]<UL><LI><a href="#[290]">&gt;&gt;</a>&nbsp;&nbsp;&nbsp;_MoveDescendents
<LI><a href="#[28f]">&gt;&gt;</a>&nbsp;&nbsp;&nbsp;WM_MoveWindow
</UL>

<P><STRONG><a name="[16]"></a>_Create</STRONG> (Thumb, 54 bytes, Stack size unknown bytes, BUTTON_Skin.o(.text._Create))
<BR><BR>[Stack]<UL><LI>Max Depth = 8 + Unknown Stack Size
<LI>Call Chain = _Create &rArr; memset
</UL>
<BR>[Calls]<UL><LI><a href="#[14]">&gt;&gt;</a>&nbsp;&nbsp;&nbsp;memset
<LI><a href="#[161]">&gt;&gt;</a>&nbsp;&nbsp;&nbsp;GUI_ALLOC_UnlockH
<LI><a href="#[160]">&gt;&gt;</a>&nbsp;&nbsp;&nbsp;GUI_ALLOC_LockH
</UL>
<BR>[Address Reference Count : 1]<UL><LI> BUTTON_Skin.o(.data)
</UL>
<P><STRONG><a name="[15]"></a>_Paint</STRONG> (Thumb, 134 bytes, Stack size unknown bytes, BUTTON_Skin.o(.text._Paint))
<BR><BR>[Calls]<UL><LI><a href="#[27f]">&gt;&gt;</a>&nbsp;&nbsp;&nbsp;WM_GetWindowSizeY
<LI><a href="#[161]">&gt;&gt;</a>&nbsp;&nbsp;&nbsp;GUI_ALLOC_UnlockH
<LI><a href="#[160]">&gt;&gt;</a>&nbsp;&nbsp;&nbsp;GUI_ALLOC_LockH
<LI><a href="#[180]">&gt;&gt;</a>&nbsp;&nbsp;&nbsp;WM_GetWindowSizeX
</UL>
<BR>[Address Reference Count : 1]<UL><LI> BUTTON_Skin.o(.data)
</UL>
<P><STRONG><a name="[13c]"></a>_GetYSize</STRONG> (Thumb, 28 bytes, Stack size unknown bytes, GUI_DRAW_BITMAP.o(.text._GetYSize))
<BR><BR>[Calls]<UL><LI><a href="#[161]">&gt;&gt;</a>&nbsp;&nbsp;&nbsp;GUI_ALLOC_UnlockH
<LI><a href="#[160]">&gt;&gt;</a>&nbsp;&nbsp;&nbsp;GUI_ALLOC_LockH
</UL>
<BR>[Address Reference Count : 1]<UL><LI> GUI_DRAW_BITMAP.o(.rodata)
</UL>
<P><STRONG><a name="[13b]"></a>_GetXSize</STRONG> (Thumb, 28 bytes, Stack size unknown bytes, GUI_DRAW_BITMAP.o(.text._GetXSize))
<BR><BR>[Calls]<UL><LI><a href="#[161]">&gt;&gt;</a>&nbsp;&nbsp;&nbsp;GUI_ALLOC_UnlockH
<LI><a href="#[160]">&gt;&gt;</a>&nbsp;&nbsp;&nbsp;GUI_ALLOC_LockH
</UL>
<BR>[Address Reference Count : 1]<UL><LI> GUI_DRAW_BITMAP.o(.rodata)
</UL>
<P><STRONG><a name="[13a]"></a>_DrawBitmap</STRONG> (Thumb, 54 bytes, Stack size unknown bytes, GUI_DRAW_BITMAP.o(.text._DrawBitmap))
<BR><BR>[Calls]<UL><LI><a href="#[1cb]">&gt;&gt;</a>&nbsp;&nbsp;&nbsp;GUI_DrawBitmap
<LI><a href="#[161]">&gt;&gt;</a>&nbsp;&nbsp;&nbsp;GUI_ALLOC_UnlockH
<LI><a href="#[160]">&gt;&gt;</a>&nbsp;&nbsp;&nbsp;GUI_ALLOC_LockH
</UL>
<BR>[Address Reference Count : 1]<UL><LI> GUI_DRAW_BITMAP.o(.rodata)
</UL>
<P><STRONG><a name="[13f]"></a>_GetIndexMask_0</STRONG> (Thumb, 74 bytes, Stack size unknown bytes, GUICC_0.o(.text._GetIndexMask_0))
<BR><BR>[Calls]<UL><LI><a href="#[242]">&gt;&gt;</a>&nbsp;&nbsp;&nbsp;LCD_GetNumColors
</UL>
<BR>[Address Reference Count : 1]<UL><LI> GUICC_0.o(.rodata)
</UL>
<P><STRONG><a name="[13e]"></a>_Index2Color_0</STRONG> (Thumb, 30 bytes, Stack size unknown bytes, GUICC_0.o(.text._Index2Color_0))
<BR><BR>[Calls]<UL><LI><a href="#[245]">&gt;&gt;</a>&nbsp;&nbsp;&nbsp;LCD_GetPalette
<LI><a href="#[242]">&gt;&gt;</a>&nbsp;&nbsp;&nbsp;LCD_GetNumColors
</UL>
<BR>[Address Reference Count : 1]<UL><LI> GUICC_0.o(.rodata)
</UL>
<P><STRONG><a name="[13d]"></a>_Color2Index_0</STRONG> (Thumb, 84 bytes, Stack size unknown bytes, GUICC_0.o(.text._Color2Index_0))
<BR><BR>[Calls]<UL><LI><a href="#[245]">&gt;&gt;</a>&nbsp;&nbsp;&nbsp;LCD_GetPalette
<LI><a href="#[242]">&gt;&gt;</a>&nbsp;&nbsp;&nbsp;LCD_GetNumColors
<LI><a href="#[2a2]">&gt;&gt;</a>&nbsp;&nbsp;&nbsp;GUI_CalcColorDist
</UL>
<BR>[Address Reference Count : 1]<UL><LI> GUICC_0.o(.rodata)
</UL>
<P><STRONG><a name="[220]"></a>_Link</STRONG> (Thumb, 156 bytes, Stack size unknown bytes, GUI_Timer.o(.text._Link))
<BR><BR>[Calls]<UL><LI><a href="#[161]">&gt;&gt;</a>&nbsp;&nbsp;&nbsp;GUI_ALLOC_UnlockH
<LI><a href="#[160]">&gt;&gt;</a>&nbsp;&nbsp;&nbsp;GUI_ALLOC_LockH
</UL>
<BR>[Called By]<UL><LI><a href="#[21f]">&gt;&gt;</a>&nbsp;&nbsp;&nbsp;GUI_TIMER_Restart
</UL>

<P><STRONG><a name="[17]"></a>_GetWordWrap</STRONG> (Thumb, 240 bytes, Stack size unknown bytes, GUI__Wrap.o(.text._GetWordWrap))
<BR><BR>[Calls]<UL><LI><a href="#[236]">&gt;&gt;</a>&nbsp;&nbsp;&nbsp;GUI_UC__GetCharCodeInc
<LI><a href="#[237]">&gt;&gt;</a>&nbsp;&nbsp;&nbsp;GUI_GetCharDistX
</UL>
<BR>[Address Reference Count : 1]<UL><LI> GUI__Wrap.o(.data)
</UL>
<P><STRONG><a name="[18]"></a>_GetCharWrap</STRONG> (Thumb, 60 bytes, Stack size unknown bytes, GUI__Wrap.o(.text._GetCharWrap))
<BR><BR>[Calls]<UL><LI><a href="#[236]">&gt;&gt;</a>&nbsp;&nbsp;&nbsp;GUI_UC__GetCharCodeInc
<LI><a href="#[237]">&gt;&gt;</a>&nbsp;&nbsp;&nbsp;GUI_GetCharDistX
</UL>
<BR>[Address Reference Count : 1]<UL><LI> GUI__Wrap.o(.data)
</UL>
<P><STRONG><a name="[1a]"></a>_NextPixel_SetPixel</STRONG> (Thumb, 372 bytes, Stack size unknown bytes, LCD_NextPixelAPI.o(.text._NextPixel_SetPixel))
<BR>[Address Reference Count : 1]<UL><LI> LCD_NextPixelAPI.o(.data)
</UL>
<P><STRONG><a name="[19]"></a>_NextPixel_Start</STRONG> (Thumb, 192 bytes, Stack size unknown bytes, LCD_NextPixelAPI.o(.text._NextPixel_Start))
<BR><BR>[Stack]<UL><LI>Max Depth = 8 + Unknown Stack Size
<LI>Call Chain = _NextPixel_Start &rArr; GUI_ALLOC_AllocNoInit &rArr; _Alloc &rArr; _RemoveHoles &rArr; memmove
</UL>
<BR>[Calls]<UL><LI><a href="#[208]">&gt;&gt;</a>&nbsp;&nbsp;&nbsp;GUI_GetBitsPerPixelEx
<LI><a href="#[1a1]">&gt;&gt;</a>&nbsp;&nbsp;&nbsp;GUI_ALLOC_GetMaxSize
<LI><a href="#[160]">&gt;&gt;</a>&nbsp;&nbsp;&nbsp;GUI_ALLOC_LockH
<LI><a href="#[199]">&gt;&gt;</a>&nbsp;&nbsp;&nbsp;GUI_ALLOC_AllocNoInit
</UL>
<BR>[Address Reference Count : 1]<UL><LI> LCD_NextPixelAPI.o(.data)
</UL>
<P><STRONG><a name="[1b]"></a>_NextPixel_NextLine</STRONG> (Thumb, 88 bytes, Stack size unknown bytes, LCD_NextPixelAPI.o(.text._NextPixel_NextLine))
<BR>[Address Reference Count : 1]<UL><LI> LCD_NextPixelAPI.o(.data)
</UL>
<P><STRONG><a name="[1c]"></a>_NextPixel_End</STRONG> (Thumb, 104 bytes, Stack size unknown bytes, LCD_NextPixelAPI.o(.text._NextPixel_End))
<BR><BR>[Calls]<UL><LI><a href="#[19c]">&gt;&gt;</a>&nbsp;&nbsp;&nbsp;GUI_ALLOC_Free
<LI><a href="#[161]">&gt;&gt;</a>&nbsp;&nbsp;&nbsp;GUI_ALLOC_UnlockH
</UL>
<BR>[Address Reference Count : 1]<UL><LI> LCD_NextPixelAPI.o(.data)
</UL>
<P><STRONG><a name="[14a]"></a>_GetDevData</STRONG> (Thumb, 16 bytes, Stack size unknown bytes, GUIDEV_32.o(.text._GetDevData))
<BR>[Address Reference Count : 1]<UL><LI> GUIDEV_32.o(.rodata)
</UL>
<P><STRONG><a name="[148]"></a>_GetDevFunc</STRONG> (Thumb, 16 bytes, Stack size unknown bytes, GUIDEV_32.o(.text._GetDevFunc))
<BR>[Address Reference Count : 1]<UL><LI> GUIDEV_32.o(.rodata)
</UL>
<P><STRONG><a name="[149]"></a>_GetDevProp</STRONG> (Thumb, 10 bytes, Stack size unknown bytes, GUIDEV_32.o(.text._GetDevProp))
<BR>[Address Reference Count : 1]<UL><LI> GUIDEV_32.o(.rodata)
</UL>
<P><STRONG><a name="[147]"></a>_SetOrg</STRONG> (Thumb, 8 bytes, Stack size unknown bytes, GUIDEV_32.o(.text._SetOrg))
<BR>[Address Reference Count : 1]<UL><LI> GUIDEV_32.o(.rodata)
</UL>
<P><STRONG><a name="[14b]"></a>_GetRect</STRONG> (Thumb, 56 bytes, Stack size unknown bytes, GUIDEV_32.o(.text._GetRect))
<BR><BR>[Calls]<UL><LI><a href="#[161]">&gt;&gt;</a>&nbsp;&nbsp;&nbsp;GUI_ALLOC_UnlockH
<LI><a href="#[160]">&gt;&gt;</a>&nbsp;&nbsp;&nbsp;GUI_ALLOC_LockH
</UL>
<BR>[Address Reference Count : 1]<UL><LI> GUIDEV_32.o(.rodata)
</UL>
<P><STRONG><a name="[140]"></a>_DrawBitmap</STRONG> (Thumb, 2496 bytes, Stack size unknown bytes, GUIDEV_32.o(.text._DrawBitmap))
<BR><BR>[Calls]<UL><LI><a href="#[2a3]">&gt;&gt;</a>&nbsp;&nbsp;&nbsp;GUI_USAGE_AddRect
<LI><a href="#[161]">&gt;&gt;</a>&nbsp;&nbsp;&nbsp;GUI_ALLOC_UnlockH
<LI><a href="#[160]">&gt;&gt;</a>&nbsp;&nbsp;&nbsp;GUI_ALLOC_LockH
</UL>
<BR>[Address Reference Count : 1]<UL><LI> GUIDEV_32.o(.rodata)
</UL>
<P><STRONG><a name="[144]"></a>_GetPixelIndex</STRONG> (Thumb, 64 bytes, Stack size unknown bytes, GUIDEV_32.o(.text._GetPixelIndex))
<BR><BR>[Calls]<UL><LI><a href="#[161]">&gt;&gt;</a>&nbsp;&nbsp;&nbsp;GUI_ALLOC_UnlockH
<LI><a href="#[160]">&gt;&gt;</a>&nbsp;&nbsp;&nbsp;GUI_ALLOC_LockH
</UL>
<BR>[Address Reference Count : 1]<UL><LI> GUIDEV_32.o(.rodata)
</UL>
<P><STRONG><a name="[145]"></a>_SetPixelIndex</STRONG> (Thumb, 120 bytes, Stack size unknown bytes, GUIDEV_32.o(.text._SetPixelIndex))
<BR><BR>[Calls]<UL><LI><a href="#[161]">&gt;&gt;</a>&nbsp;&nbsp;&nbsp;GUI_ALLOC_UnlockH
<LI><a href="#[160]">&gt;&gt;</a>&nbsp;&nbsp;&nbsp;GUI_ALLOC_LockH
</UL>
<BR>[Address Reference Count : 1]<UL><LI> GUIDEV_32.o(.rodata)
</UL>
<P><STRONG><a name="[146]"></a>_XorPixel</STRONG> (Thumb, 132 bytes, Stack size unknown bytes, GUIDEV_32.o(.text._XorPixel))
<BR><BR>[Calls]<UL><LI><a href="#[161]">&gt;&gt;</a>&nbsp;&nbsp;&nbsp;GUI_ALLOC_UnlockH
<LI><a href="#[160]">&gt;&gt;</a>&nbsp;&nbsp;&nbsp;GUI_ALLOC_LockH
</UL>
<BR>[Address Reference Count : 1]<UL><LI> GUIDEV_32.o(.rodata)
</UL>
<P><STRONG><a name="[143]"></a>_FillRect</STRONG> (Thumb, 236 bytes, Stack size unknown bytes, GUIDEV_32.o(.text._FillRect))
<BR><BR>[Calls]<UL><LI><a href="#[2a3]">&gt;&gt;</a>&nbsp;&nbsp;&nbsp;GUI_USAGE_AddRect
<LI><a href="#[161]">&gt;&gt;</a>&nbsp;&nbsp;&nbsp;GUI_ALLOC_UnlockH
<LI><a href="#[160]">&gt;&gt;</a>&nbsp;&nbsp;&nbsp;GUI_ALLOC_LockH
</UL>
<BR>[Called By]<UL><LI><a href="#[141]">&gt;&gt;</a>&nbsp;&nbsp;&nbsp;_DrawHLine
</UL>
<BR>[Address Reference Count : 1]<UL><LI> GUIDEV_32.o(.rodata)
</UL>
<P><STRONG><a name="[141]"></a>_DrawHLine</STRONG> (Thumb, 16 bytes, Stack size unknown bytes, GUIDEV_32.o(.text._DrawHLine))
<BR><BR>[Calls]<UL><LI><a href="#[143]">&gt;&gt;</a>&nbsp;&nbsp;&nbsp;_FillRect
</UL>
<BR>[Address Reference Count : 1]<UL><LI> GUIDEV_32.o(.rodata)
</UL>
<P><STRONG><a name="[142]"></a>_DrawVLine</STRONG> (Thumb, 228 bytes, Stack size unknown bytes, GUIDEV_32.o(.text._DrawVLine))
<BR><BR>[Calls]<UL><LI><a href="#[161]">&gt;&gt;</a>&nbsp;&nbsp;&nbsp;GUI_ALLOC_UnlockH
<LI><a href="#[160]">&gt;&gt;</a>&nbsp;&nbsp;&nbsp;GUI_ALLOC_LockH
</UL>
<BR>[Address Reference Count : 1]<UL><LI> GUIDEV_32.o(.rodata)
</UL>
<P><STRONG><a name="[14c]"></a>GUI_USAGE_BM_AddPixel</STRONG> (Thumb, 44 bytes, Stack size unknown bytes, GUIDEV_UsageBM.o(.text.GUI_USAGE_BM_AddPixel))
<BR>[Address Reference Count : 1]<UL><LI> GUIDEV_UsageBM.o(.rodata)
</UL>
<P><STRONG><a name="[150]"></a>GUI_USAGE_BM_GetNextDirty</STRONG> (Thumb, 192 bytes, Stack size unknown bytes, GUIDEV_UsageBM.o(.text.GUI_USAGE_BM_GetNextDirty))
<BR>[Address Reference Count : 1]<UL><LI> GUIDEV_UsageBM.o(.rodata)
</UL>
<P><STRONG><a name="[14f]"></a>_GUI_USAGE_BM_Delete</STRONG> (Thumb, 4 bytes, Stack size unknown bytes, GUIDEV_UsageBM.o(.text._GUI_USAGE_BM_Delete))
<BR><BR>[Calls]<UL><LI><a href="#[19c]">&gt;&gt;</a>&nbsp;&nbsp;&nbsp;GUI_ALLOC_Free
</UL>
<BR>[Address Reference Count : 1]<UL><LI> GUIDEV_UsageBM.o(.rodata)
</UL>
<P><STRONG><a name="[14e]"></a>GUI_USAGE_BM_Clear</STRONG> (Thumb, 20 bytes, Stack size unknown bytes, GUIDEV_UsageBM.o(.text.GUI_USAGE_BM_Clear))
<BR><BR>[Stack]<UL><LI>Max Depth = 8 + Unknown Stack Size
<LI>Call Chain = GUI_USAGE_BM_Clear &rArr; memset
</UL>
<BR>[Calls]<UL><LI><a href="#[14]">&gt;&gt;</a>&nbsp;&nbsp;&nbsp;memset
</UL>
<BR>[Address Reference Count : 1]<UL><LI> GUIDEV_UsageBM.o(.rodata)
</UL>
<P><STRONG><a name="[14d]"></a>GUI_USAGE_BM_AddHLine</STRONG> (Thumb, 114 bytes, Stack size unknown bytes, GUIDEV_UsageBM.o(.text.GUI_USAGE_BM_AddHLine))
<BR><BR>[Stack]<UL><LI>Max Depth = 8 + Unknown Stack Size
<LI>Call Chain = GUI_USAGE_BM_AddHLine &rArr; memset
</UL>
<BR>[Calls]<UL><LI><a href="#[14]">&gt;&gt;</a>&nbsp;&nbsp;&nbsp;memset
</UL>
<BR>[Address Reference Count : 1]<UL><LI> GUIDEV_UsageBM.o(.rodata)
</UL>
<P><STRONG><a name="[97]"></a>_cbInvalidateOne</STRONG> (Thumb, 4 bytes, Stack size unknown bytes, WM_BringToTop.o(.text._cbInvalidateOne))
<BR><BR>[Calls]<UL><LI><a href="#[16a]">&gt;&gt;</a>&nbsp;&nbsp;&nbsp;WM_InvalidateWindow
</UL>
<BR>[Address Reference Count : 1]<UL><LI> WM_BringToTop.o(.text.WM_BringToTop)
</UL>
<P><STRONG><a name="[297]"></a>_Screen2hWin</STRONG> (Thumb, 932 bytes, Stack size unknown bytes, WM_Screen2Win.o(.text._Screen2hWin))
<BR><BR>[Calls]<UL><LI><a href="#[297]">&gt;&gt;</a>&nbsp;&nbsp;&nbsp;_Screen2hWin
<LI><a href="#[161]">&gt;&gt;</a>&nbsp;&nbsp;&nbsp;GUI_ALLOC_UnlockH
<LI><a href="#[160]">&gt;&gt;</a>&nbsp;&nbsp;&nbsp;GUI_ALLOC_LockH
<LI><a href="#[1b4]">&gt;&gt;</a>&nbsp;&nbsp;&nbsp;GUI_ALLOC_h2p
</UL>
<BR>[Called By]<UL><LI><a href="#[286]">&gt;&gt;</a>&nbsp;&nbsp;&nbsp;WM_Screen2hWin
<LI><a href="#[297]">&gt;&gt;</a>&nbsp;&nbsp;&nbsp;_Screen2hWin
</UL>

<P><STRONG><a name="[154]"></a>_DrawDownRect</STRONG> (Thumb, 56 bytes, Stack size unknown bytes, WIDGET_Effect_Simple.o(.text._DrawDownRect))
<BR><BR>[Stack]<UL><LI>Max Depth = 8 + Unknown Stack Size
<LI>Call Chain = _DrawDownRect &rArr; GUI_RestoreContext &rArr; memcpy
</UL>
<BR>[Calls]<UL><LI><a href="#[16c]">&gt;&gt;</a>&nbsp;&nbsp;&nbsp;GUI_DrawRect
<LI><a href="#[193]">&gt;&gt;</a>&nbsp;&nbsp;&nbsp;LCD_SetColor
<LI><a href="#[214]">&gt;&gt;</a>&nbsp;&nbsp;&nbsp;GUI_RestoreContext
<LI><a href="#[219]">&gt;&gt;</a>&nbsp;&nbsp;&nbsp;GUI_SaveContext_W
</UL>
<BR>[Address Reference Count : 1]<UL><LI> WIDGET_Effect_Simple.o(.rodata)
</UL>
<P><STRONG><a name="[151]"></a>_DrawUp</STRONG> (Thumb, 60 bytes, Stack size unknown bytes, WIDGET_Effect_Simple.o(.text._DrawUp))
<BR><BR>[Stack]<UL><LI>Max Depth = 8 + Unknown Stack Size
<LI>Call Chain = _DrawUp &rArr; GUI_RestoreContext &rArr; memcpy
</UL>
<BR>[Calls]<UL><LI><a href="#[16c]">&gt;&gt;</a>&nbsp;&nbsp;&nbsp;GUI_DrawRect
<LI><a href="#[193]">&gt;&gt;</a>&nbsp;&nbsp;&nbsp;LCD_SetColor
<LI><a href="#[214]">&gt;&gt;</a>&nbsp;&nbsp;&nbsp;GUI_RestoreContext
<LI><a href="#[219]">&gt;&gt;</a>&nbsp;&nbsp;&nbsp;GUI_SaveContext_W
<LI><a href="#[1d1]">&gt;&gt;</a>&nbsp;&nbsp;&nbsp;WM_GetClientRect
</UL>
<BR>[Address Reference Count : 1]<UL><LI> WIDGET_Effect_Simple.o(.rodata)
</UL>
<P><STRONG><a name="[152]"></a>_DrawUpRect</STRONG> (Thumb, 56 bytes, Stack size unknown bytes, WIDGET_Effect_Simple.o(.text._DrawUpRect))
<BR><BR>[Stack]<UL><LI>Max Depth = 8 + Unknown Stack Size
<LI>Call Chain = _DrawUpRect &rArr; GUI_RestoreContext &rArr; memcpy
</UL>
<BR>[Calls]<UL><LI><a href="#[16c]">&gt;&gt;</a>&nbsp;&nbsp;&nbsp;GUI_DrawRect
<LI><a href="#[193]">&gt;&gt;</a>&nbsp;&nbsp;&nbsp;LCD_SetColor
<LI><a href="#[214]">&gt;&gt;</a>&nbsp;&nbsp;&nbsp;GUI_RestoreContext
<LI><a href="#[219]">&gt;&gt;</a>&nbsp;&nbsp;&nbsp;GUI_SaveContext_W
</UL>
<BR>[Address Reference Count : 1]<UL><LI> WIDGET_Effect_Simple.o(.rodata)
</UL>
<P><STRONG><a name="[153]"></a>_DrawDown</STRONG> (Thumb, 60 bytes, Stack size unknown bytes, WIDGET_Effect_Simple.o(.text._DrawDown))
<BR><BR>[Stack]<UL><LI>Max Depth = 8 + Unknown Stack Size
<LI>Call Chain = _DrawDown &rArr; GUI_RestoreContext &rArr; memcpy
</UL>
<BR>[Calls]<UL><LI><a href="#[16c]">&gt;&gt;</a>&nbsp;&nbsp;&nbsp;GUI_DrawRect
<LI><a href="#[193]">&gt;&gt;</a>&nbsp;&nbsp;&nbsp;LCD_SetColor
<LI><a href="#[214]">&gt;&gt;</a>&nbsp;&nbsp;&nbsp;GUI_RestoreContext
<LI><a href="#[219]">&gt;&gt;</a>&nbsp;&nbsp;&nbsp;GUI_SaveContext_W
<LI><a href="#[1d1]">&gt;&gt;</a>&nbsp;&nbsp;&nbsp;WM_GetClientRect
</UL>
<BR>[Address Reference Count : 1]<UL><LI> WIDGET_Effect_Simple.o(.rodata)
</UL>
<P><STRONG><a name="[215]"></a>_CreateBuffer.isra.4</STRONG> (Thumb, 180 bytes, Stack size unknown bytes, GUI_SPRITE.o(.text._CreateBuffer.isra.4))
<BR><BR>[Stack]<UL><LI>Max Depth = 8 + Unknown Stack Size
<LI>Call Chain = _CreateBuffer.isra.4 &rArr; GUI_ALLOC_AllocNoInit &rArr; _Alloc &rArr; _RemoveHoles &rArr; memmove
</UL>
<BR>[Calls]<UL><LI><a href="#[1ee]">&gt;&gt;</a>&nbsp;&nbsp;&nbsp;GUI_DEVICE__GetpDriver
<LI><a href="#[1a1]">&gt;&gt;</a>&nbsp;&nbsp;&nbsp;GUI_ALLOC_GetMaxSize
<LI><a href="#[160]">&gt;&gt;</a>&nbsp;&nbsp;&nbsp;GUI_ALLOC_LockH
<LI><a href="#[199]">&gt;&gt;</a>&nbsp;&nbsp;&nbsp;GUI_ALLOC_AllocNoInit
</UL>
<BR>[Called By]<UL><LI><a href="#[1a6]">&gt;&gt;</a>&nbsp;&nbsp;&nbsp;GUI_SPRITE_SetPosition
</UL>

<P><STRONG><a name="[217]"></a>_SetBkIndexBuffered</STRONG> (Thumb, 208 bytes, Stack size unknown bytes, GUI_SPRITE.o(.text._SetBkIndexBuffered))
<BR><BR>[Calls]<UL><LI><a href="#[20b]">&gt;&gt;</a>&nbsp;&nbsp;&nbsp;GUI__CompactPixelIndices
</UL>
<BR>[Called By]<UL><LI><a href="#[1a6]">&gt;&gt;</a>&nbsp;&nbsp;&nbsp;GUI_SPRITE_SetPosition
</UL>

<P><STRONG><a name="[218]"></a>_ReleaseBuffer.isra.7</STRONG> (Thumb, 140 bytes, Stack size unknown bytes, GUI_SPRITE.o(.text._ReleaseBuffer.isra.7))
<BR><BR>[Calls]<UL><LI><a href="#[20b]">&gt;&gt;</a>&nbsp;&nbsp;&nbsp;GUI__CompactPixelIndices
<LI><a href="#[19c]">&gt;&gt;</a>&nbsp;&nbsp;&nbsp;GUI_ALLOC_Free
<LI><a href="#[161]">&gt;&gt;</a>&nbsp;&nbsp;&nbsp;GUI_ALLOC_UnlockH
</UL>
<BR>[Called By]<UL><LI><a href="#[1a6]">&gt;&gt;</a>&nbsp;&nbsp;&nbsp;GUI_SPRITE_SetPosition
</UL>

<P><STRONG><a name="[207]"></a>_WriteToActiveAlpha</STRONG> (Thumb, 408 bytes, Stack size unknown bytes, GUIDEV_WriteToActiveAlpha.o(.text._WriteToActiveAlpha))
<BR><BR>[Stack]<UL><LI>Max Depth = 8 + Unknown Stack Size
<LI>Call Chain = _WriteToActiveAlpha &rArr; GUI__AllocAlphaBuffer &rArr; GUI_ALLOC_GetFixedBlock &rArr; _RemoveHoles &rArr; memmove
</UL>
<BR>[Calls]<UL><LI><a href="#[1fe]">&gt;&gt;</a>&nbsp;&nbsp;&nbsp;GUI_MEMDEV_GetDataPtr
<LI><a href="#[2ad]">&gt;&gt;</a>&nbsp;&nbsp;&nbsp;GUI__CompactPixelIndicesEx
<LI><a href="#[195]">&gt;&gt;</a>&nbsp;&nbsp;&nbsp;LCD_DrawBitmap
<LI><a href="#[226]">&gt;&gt;</a>&nbsp;&nbsp;&nbsp;GUI__AllocAlphaBuffer
<LI><a href="#[22f]">&gt;&gt;</a>&nbsp;&nbsp;&nbsp;GUI__DoAlphaBlending
<LI><a href="#[161]">&gt;&gt;</a>&nbsp;&nbsp;&nbsp;GUI_ALLOC_UnlockH
<LI><a href="#[160]">&gt;&gt;</a>&nbsp;&nbsp;&nbsp;GUI_ALLOC_LockH
</UL>
<BR>[Called By]<UL><LI><a href="#[b2]">&gt;&gt;</a>&nbsp;&nbsp;&nbsp;GUI_MEMDEV__WriteToActiveAlpha
</UL>
<P>
<H3>
Undefined Global Symbols
</H3><HR></body></html>
